Copyright 1986-2020 Xilinx, Inc. All Rights Reserved.
------------------------------------------------------------------------------------
| Tool Version : Vivado v.2020.1 (win64) Build 2902540 Wed May 27 19:54:49 MDT 2020
| Date         : Wed Aug 19 22:59:16 2026
| Host         : martin running 64-bit major release  (build 9200)
| Command      : upgrade_ip
| Device       : xc7z010clg400-1
------------------------------------------------------------------------------------

Upgrade Log for IP 'block_design_1_ALU_0_0'

1. Summary
----------

SUCCESS in the conversion of block_design_1_ALU_0_0 (xilinx.com:user:ALU:1.0 (Rev. 1)) to Vivado generation flows.






Copyright 1986-2020 Xilinx, Inc. All Rights Reserved.
------------------------------------------------------------------------------------
| Tool Version : Vivado v.2020.1 (win64) Build 2902540 Wed May 27 19:54:49 MDT 2020
| Date         : Wed Aug 19 21:57:47 2026
| Host         : martin running 64-bit major release  (build 9200)
| Command      : upgrade_ip
| Device       : xc7z010clg400-1
------------------------------------------------------------------------------------

Upgrade Log for IP 'block_design_1_ALU_0_0'

1. Summary
----------

SUCCESS in the conversion of block_design_1_ALU_0_0 (xilinx.com:user:ALU:1.0 (Rev. 1)) to Vivado generation flows.

