INFO: [VRFC 10-163] Analyzing VHDL file "C:/Users/crist/Desktop/SEP/AYUDANTIA/AY3_wrapper/AY3_wrapper.ip_user_files/bd/design_1/ipshared/4dbd/sources_1/new/ALU.vhd" into library xil_defaultlib
INFO: [VRFC 10-3107] analyzing entity 'ALU'
INFO: [VRFC 10-163] Analyzing VHDL file "C:/Users/crist/Desktop/SEP/AYUDANTIA/AY3_wrapper/AY3_wrapper.ip_user_files/bd/design_1/ip/design_1_ALU_0_0/sim/design_1_ALU_0_0.vhd" into library xil_defaultlib
INFO: [VRFC 10-3107] analyzing entity 'design_1_ALU_0_0'
INFO: [VRFC 10-163] Analyzing VHDL file "C:/Users/crist/Desktop/SEP/AYUDANTIA/AY3_wrapper/AY3_wrapper.ip_user_files/bd/design_1/ipshared/cfa6/sources_1/new/RAM2.vhd" into library xil_defaultlib
INFO: [VRFC 10-3107] analyzing entity 'RAM2'
INFO: [VRFC 10-163] Analyzing VHDL file "C:/Users/crist/Desktop/SEP/AYUDANTIA/AY3_wrapper/AY3_wrapper.ip_user_files/bd/design_1/ip/design_1_RAM2_0_0/sim/design_1_RAM2_0_0.vhd" into library xil_defaultlib
INFO: [VRFC 10-3107] analyzing entity 'design_1_RAM2_0_0'
INFO: [VRFC 10-163] Analyzing VHDL file "C:/Users/crist/Desktop/SEP/AYUDANTIA/AY3_wrapper/AY3_wrapper.ip_user_files/bd/design_1/ipshared/d19e/sources_1/new/prog_mem.vhd" into library xil_defaultlib
INFO: [VRFC 10-3107] analyzing entity 'prog_mem'
INFO: [VRFC 10-163] Analyzing VHDL file "C:/Users/crist/Desktop/SEP/AYUDANTIA/AY3_wrapper/AY3_wrapper.ip_user_files/bd/design_1/ip/design_1_prog_mem_0_0/sim/design_1_prog_mem_0_0.vhd" into library xil_defaultlib
INFO: [VRFC 10-3107] analyzing entity 'design_1_prog_mem_0_0'
INFO: [VRFC 10-163] Analyzing VHDL file "C:/Users/crist/Desktop/SEP/AYUDANTIA/AY3_wrapper/AY3_wrapper.ip_user_files/bd/design_1/ipshared/78d6/sources_1/new/instr_mem.vhd" into library xil_defaultlib
INFO: [VRFC 10-3107] analyzing entity 'instr_mem'
INFO: [VRFC 10-163] Analyzing VHDL file "C:/Users/crist/Desktop/SEP/AYUDANTIA/AY3_wrapper/AY3_wrapper.ip_user_files/bd/design_1/ip/design_1_instr_mem_0_0/sim/design_1_instr_mem_0_0.vhd" into library xil_defaultlib
INFO: [VRFC 10-3107] analyzing entity 'design_1_instr_mem_0_0'
INFO: [VRFC 10-163] Analyzing VHDL file "C:/Users/crist/Desktop/SEP/AYUDANTIA/AY3_wrapper/AY3_wrapper.ip_user_files/bd/design_1/ipshared/0a9b/sources_1/new/control_unit.vhd" into library xil_defaultlib
INFO: [VRFC 10-3107] analyzing entity 'control_unit'
INFO: [VRFC 10-163] Analyzing VHDL file "C:/Users/crist/Desktop/SEP/AYUDANTIA/AY3_wrapper/AY3_wrapper.ip_user_files/bd/design_1/ip/design_1_control_unit_0_0/sim/design_1_control_unit_0_0.vhd" into library xil_defaultlib
INFO: [VRFC 10-3107] analyzing entity 'design_1_control_unit_0_0'
INFO: [VRFC 10-163] Analyzing VHDL file "C:/Users/crist/Desktop/SEP/AYUDANTIA/AY3_wrapper/AY3_wrapper.ip_user_files/bd/design_1/sim/design_1.vhd" into library xil_defaultlib
INFO: [VRFC 10-3107] analyzing entity 'design_1'
INFO: [VRFC 10-163] Analyzing VHDL file "C:/Users/crist/Desktop/SEP/AYUDANTIA/AY3_wrapper/AY3_wrapper.srcs/sources_1/bd/design_1/hdl/design_1_wrapper.vhd" into library xil_defaultlib
INFO: [VRFC 10-3107] analyzing entity 'design_1_wrapper'
INFO: [VRFC 10-163] Analyzing VHDL file "C:/Users/crist/Desktop/SEP/AYUDANTIA/AY3_wrapper/AY3_wrapper.srcs/sim_1/new/design_1_wrapper_tb.vhd" into library xil_defaultlib
INFO: [VRFC 10-3107] analyzing entity 'design_1_wrapper_tb'
