Vivado Simulator 2020.1
Copyright 1986-1999, 2001-2020 Xilinx, Inc. All Rights Reserved.
Running: C:/Xilinx/Vivado/2020.1/bin/unwrapped/win64.o/xelab.exe -wto 370cfc89000345bfa57ad2d7865e70b6 --incr --debug typical --relax --mt 2 -L xil_defaultlib -L secureip -L xpm --snapshot design_1_wrapper_tb_behav xil_defaultlib.design_1_wrapper_tb -log elaborate.log 
Using 2 slave threads.
Starting static elaboration
Completed static elaboration
Starting simulation data flow analysis
Completed simulation data flow analysis
Time Resolution for simulation is 1ps
Compiling package std.standard
Compiling package std.textio
Compiling package ieee.std_logic_1164
Compiling package ieee.numeric_std
Compiling package unisim.vcomponents
Compiling package ieee.std_logic_arith
Compiling package ieee.std_logic_unsigned
Compiling architecture behavioral of entity xil_defaultlib.ALU [alu_default]
Compiling architecture design_1_alu_0_0_arch of entity xil_defaultlib.design_1_ALU_0_0 [design_1_alu_0_0_default]
Compiling architecture behavioral of entity xil_defaultlib.RAM2 [ram2_default]
Compiling architecture design_1_ram2_0_0_arch of entity xil_defaultlib.design_1_RAM2_0_0 [design_1_ram2_0_0_default]
Compiling architecture behavioral of entity xil_defaultlib.control_unit [control_unit_default]
Compiling architecture design_1_control_unit_0_0_arch of entity xil_defaultlib.design_1_control_unit_0_0 [design_1_control_unit_0_0_defaul...]
Compiling architecture behavioral of entity xil_defaultlib.instr_mem [instr_mem_default]
Compiling architecture design_1_instr_mem_0_0_arch of entity xil_defaultlib.design_1_instr_mem_0_0 [design_1_instr_mem_0_0_default]
Compiling architecture behavioral of entity xil_defaultlib.prog_mem [prog_mem_default]
Compiling architecture design_1_prog_mem_0_0_arch of entity xil_defaultlib.design_1_prog_mem_0_0 [design_1_prog_mem_0_0_default]
Compiling architecture structure of entity xil_defaultlib.design_1 [design_1_default]
Compiling architecture structure of entity xil_defaultlib.design_1_wrapper [design_1_wrapper_default]
Compiling architecture bench of entity xil_defaultlib.design_1_wrapper_tb
Built simulation snapshot design_1_wrapper_tb_behav
