
*** Running vivado
    with args -log Memorice_completo_debouncer_reset_0.vds -m64 -product Vivado -mode batch -messageDb vivado.pb -notrace -source Memorice_completo_debouncer_reset_0.tcl



****** Vivado v2020.1 (64-bit)
  **** SW Build 2902540 on Wed May 27 19:54:49 MDT 2020
  **** IP Build 2902112 on Wed May 27 22:43:36 MDT 2020
    ** Copyright 1986-2020 Xilinx, Inc. All Rights Reserved.

source Memorice_completo_debouncer_reset_0.tcl -notrace
create_project: Time (s): cpu = 00:00:07 ; elapsed = 00:00:09 . Memory (MB): peak = 1081.340 ; gain = 0.000
INFO: [IP_Flow 19-234] Refreshing IP repositories
INFO: [IP_Flow 19-1700] Loaded user IP repository 'd:/Sep_martin_pena/proyecto_sep_1'.
WARNING: [IP_Flow 19-3656] If you move the project, the path for repository 'd:/Sep_martin_pena/proyecto_sep_1' may become invalid. A better location for the repository would be in a path adjacent to the project. (Current project location is 'd:/Sep_martin_pena/proyecto_sep_1/Memorice_completo/Memorice_completo.runs/Memorice_completo_debouncer_reset_0_synth_1'.)
INFO: [IP_Flow 19-2313] Loaded Vivado IP repository 'D:/Xilinx/Vivado/2020.1/data/ip'.
Command: synth_design -top Memorice_completo_debouncer_reset_0 -part xc7z010clg400-1 -mode out_of_context
Starting synth_design
Attempting to get a license for feature 'Synthesis' and/or device 'xc7z010'
INFO: [Common 17-349] Got license for feature 'Synthesis' and/or device 'xc7z010'
INFO: [Device 21-403] Loading part xc7z010clg400-1
INFO: [Synth 8-7079] Multithreading enabled for synth_design using a maximum of 2 processes.
INFO: [Synth 8-7078] Launching helper process for spawning children vivado processes
INFO: [Synth 8-7075] Helper process launched with PID 19284
---------------------------------------------------------------------------------
Starting RTL Elaboration : Time (s): cpu = 00:00:10 ; elapsed = 00:00:12 . Memory (MB): peak = 1081.340 ; gain = 0.000
---------------------------------------------------------------------------------
INFO: [Synth 8-638] synthesizing module 'Memorice_completo_debouncer_reset_0' [d:/Sep_martin_pena/proyecto_sep_1/Memorice_completo/Memorice_completo.srcs/sources_1/bd/Memorice_completo/ip/Memorice_completo_debouncer_reset_0/synth/Memorice_completo_debouncer_reset_0.vhd:65]
	Parameter WIDTH bound to: 1 - type: integer 
	Parameter CLK_FREQ bound to: 125000000 - type: integer 
	Parameter STABLE_TIME bound to: 10 - type: integer 
INFO: [Synth 8-3491] module 'debouncer' declared at 'd:/Sep_martin_pena/proyecto_sep_1/Memorice_completo/Memorice_completo.srcs/sources_1/bd/Memorice_completo/ipshared/efa0/debouncer.vhd:4' bound to instance 'U0' of component 'debouncer' [d:/Sep_martin_pena/proyecto_sep_1/Memorice_completo/Memorice_completo.srcs/sources_1/bd/Memorice_completo/ip/Memorice_completo_debouncer_reset_0/synth/Memorice_completo_debouncer_reset_0.vhd:96]
INFO: [Synth 8-638] synthesizing module 'debouncer' [d:/Sep_martin_pena/proyecto_sep_1/Memorice_completo/Memorice_completo.srcs/sources_1/bd/Memorice_completo/ipshared/efa0/debouncer.vhd:18]
	Parameter WIDTH bound to: 1 - type: integer 
	Parameter CLK_FREQ bound to: 125000000 - type: integer 
	Parameter STABLE_TIME bound to: 10 - type: integer 
INFO: [Synth 8-256] done synthesizing module 'debouncer' (1#1) [d:/Sep_martin_pena/proyecto_sep_1/Memorice_completo/Memorice_completo.srcs/sources_1/bd/Memorice_completo/ipshared/efa0/debouncer.vhd:18]
INFO: [Synth 8-256] done synthesizing module 'Memorice_completo_debouncer_reset_0' (2#1) [d:/Sep_martin_pena/proyecto_sep_1/Memorice_completo/Memorice_completo.srcs/sources_1/bd/Memorice_completo/ip/Memorice_completo_debouncer_reset_0/synth/Memorice_completo_debouncer_reset_0.vhd:65]
---------------------------------------------------------------------------------
Finished RTL Elaboration : Time (s): cpu = 00:00:12 ; elapsed = 00:00:14 . Memory (MB): peak = 1123.492 ; gain = 42.152
---------------------------------------------------------------------------------
---------------------------------------------------------------------------------
Start Handling Custom Attributes
---------------------------------------------------------------------------------
---------------------------------------------------------------------------------
Finished Handling Custom Attributes : Time (s): cpu = 00:00:13 ; elapsed = 00:00:15 . Memory (MB): peak = 1123.492 ; gain = 42.152
---------------------------------------------------------------------------------
---------------------------------------------------------------------------------
Finished RTL Optimization Phase 1 : Time (s): cpu = 00:00:13 ; elapsed = 00:00:15 . Memory (MB): peak = 1123.492 ; gain = 42.152
---------------------------------------------------------------------------------
Netlist sorting complete. Time (s): cpu = 00:00:00 ; elapsed = 00:00:00.002 . Memory (MB): peak = 1123.492 ; gain = 0.000
INFO: [Project 1-570] Preparing netlist for logic optimization

Processing XDC Constraints
Initializing timing engine
Completed Processing XDC Constraints

Netlist sorting complete. Time (s): cpu = 00:00:00 ; elapsed = 00:00:00 . Memory (MB): peak = 1210.312 ; gain = 0.000
INFO: [Project 1-111] Unisim Transformation Summary:
No Unisim elements were transformed.

Constraint Validation Runtime : Time (s): cpu = 00:00:00 ; elapsed = 00:00:00.081 . Memory (MB): peak = 1210.320 ; gain = 0.008
---------------------------------------------------------------------------------
Finished Constraint Validation : Time (s): cpu = 00:00:25 ; elapsed = 00:00:27 . Memory (MB): peak = 1210.320 ; gain = 128.980
---------------------------------------------------------------------------------
---------------------------------------------------------------------------------
Start Loading Part and Timing Information
---------------------------------------------------------------------------------
Loading part: xc7z010clg400-1
---------------------------------------------------------------------------------
Finished Loading Part and Timing Information : Time (s): cpu = 00:00:25 ; elapsed = 00:00:27 . Memory (MB): peak = 1210.320 ; gain = 128.980
---------------------------------------------------------------------------------
---------------------------------------------------------------------------------
Start Applying 'set_property' XDC Constraints
---------------------------------------------------------------------------------
---------------------------------------------------------------------------------
Finished applying 'set_property' XDC Constraints : Time (s): cpu = 00:00:25 ; elapsed = 00:00:28 . Memory (MB): peak = 1210.320 ; gain = 128.980
---------------------------------------------------------------------------------
---------------------------------------------------------------------------------
Finished RTL Optimization Phase 2 : Time (s): cpu = 00:00:25 ; elapsed = 00:00:28 . Memory (MB): peak = 1210.320 ; gain = 128.980
---------------------------------------------------------------------------------
---------------------------------------------------------------------------------
Start RTL Component Statistics 
---------------------------------------------------------------------------------
Detailed RTL Component Info : 
+---XORs : 
	   2 Input      1 Bit         XORs := 1     
+---Registers : 
	                2 Bit    Registers := 1     
	                1 Bit    Registers := 1     
+---Muxes : 
	   2 Input    1 Bit        Muxes := 1     
---------------------------------------------------------------------------------
Finished RTL Component Statistics 
---------------------------------------------------------------------------------
---------------------------------------------------------------------------------
Start Part Resource Summary
---------------------------------------------------------------------------------
Part Resources:
DSPs: 80 (col length:40)
BRAMs: 120 (col length: RAMB18 40 RAMB36 20)
---------------------------------------------------------------------------------
Finished Part Resource Summary
---------------------------------------------------------------------------------
---------------------------------------------------------------------------------
Start Cross Boundary and Area Optimization
---------------------------------------------------------------------------------
---------------------------------------------------------------------------------
Finished Cross Boundary and Area Optimization : Time (s): cpu = 00:00:28 ; elapsed = 00:00:31 . Memory (MB): peak = 1210.320 ; gain = 128.980
---------------------------------------------------------------------------------
---------------------------------------------------------------------------------
Start Applying XDC Timing Constraints
---------------------------------------------------------------------------------
---------------------------------------------------------------------------------
Finished Applying XDC Timing Constraints : Time (s): cpu = 00:00:51 ; elapsed = 00:00:56 . Memory (MB): peak = 1220.355 ; gain = 139.016
---------------------------------------------------------------------------------
---------------------------------------------------------------------------------
Start Timing Optimization
---------------------------------------------------------------------------------
---------------------------------------------------------------------------------
Finished Timing Optimization : Time (s): cpu = 00:00:51 ; elapsed = 00:00:56 . Memory (MB): peak = 1220.355 ; gain = 139.016
---------------------------------------------------------------------------------
---------------------------------------------------------------------------------
Start Technology Mapping
---------------------------------------------------------------------------------
---------------------------------------------------------------------------------
Finished Technology Mapping : Time (s): cpu = 00:00:51 ; elapsed = 00:00:56 . Memory (MB): peak = 1239.984 ; gain = 158.645
---------------------------------------------------------------------------------
---------------------------------------------------------------------------------
Start IO Insertion
---------------------------------------------------------------------------------
---------------------------------------------------------------------------------
Start Flattening Before IO Insertion
---------------------------------------------------------------------------------
---------------------------------------------------------------------------------
Finished Flattening Before IO Insertion
---------------------------------------------------------------------------------
---------------------------------------------------------------------------------
Start Final Netlist Cleanup
---------------------------------------------------------------------------------
---------------------------------------------------------------------------------
Finished Final Netlist Cleanup
---------------------------------------------------------------------------------
---------------------------------------------------------------------------------
Finished IO Insertion : Time (s): cpu = 00:01:02 ; elapsed = 00:01:08 . Memory (MB): peak = 1245.754 ; gain = 164.414
---------------------------------------------------------------------------------
---------------------------------------------------------------------------------
Start Renaming Generated Instances
---------------------------------------------------------------------------------
---------------------------------------------------------------------------------
Finished Renaming Generated Instances : Time (s): cpu = 00:01:02 ; elapsed = 00:01:08 . Memory (MB): peak = 1245.754 ; gain = 164.414
---------------------------------------------------------------------------------
---------------------------------------------------------------------------------
Start Rebuilding User Hierarchy
---------------------------------------------------------------------------------
---------------------------------------------------------------------------------
Finished Rebuilding User Hierarchy : Time (s): cpu = 00:01:02 ; elapsed = 00:01:08 . Memory (MB): peak = 1245.754 ; gain = 164.414
---------------------------------------------------------------------------------
---------------------------------------------------------------------------------
Start Renaming Generated Ports
---------------------------------------------------------------------------------
---------------------------------------------------------------------------------
Finished Renaming Generated Ports : Time (s): cpu = 00:01:02 ; elapsed = 00:01:08 . Memory (MB): peak = 1245.754 ; gain = 164.414
---------------------------------------------------------------------------------
---------------------------------------------------------------------------------
Start Handling Custom Attributes
---------------------------------------------------------------------------------
---------------------------------------------------------------------------------
Finished Handling Custom Attributes : Time (s): cpu = 00:01:02 ; elapsed = 00:01:08 . Memory (MB): peak = 1245.754 ; gain = 164.414
---------------------------------------------------------------------------------
---------------------------------------------------------------------------------
Start Renaming Generated Nets
---------------------------------------------------------------------------------
---------------------------------------------------------------------------------
Finished Renaming Generated Nets : Time (s): cpu = 00:01:02 ; elapsed = 00:01:08 . Memory (MB): peak = 1245.754 ; gain = 164.414
---------------------------------------------------------------------------------
---------------------------------------------------------------------------------
Start Writing Synthesis Report
---------------------------------------------------------------------------------

Report BlackBoxes: 
+-+--------------+----------+
| |BlackBox name |Instances |
+-+--------------+----------+
+-+--------------+----------+

Report Cell Usage: 
+------+-------+------+
|      |Cell   |Count |
+------+-------+------+
|1     |CARRY4 |     6|
|2     |LUT1   |     1|
|3     |LUT2   |     1|
|4     |LUT3   |    24|
|5     |LUT4   |     1|
|6     |LUT5   |     2|
|7     |LUT6   |     4|
|8     |FDCE   |    24|
+------+-------+------+
---------------------------------------------------------------------------------
Finished Writing Synthesis Report : Time (s): cpu = 00:01:02 ; elapsed = 00:01:08 . Memory (MB): peak = 1245.754 ; gain = 164.414
---------------------------------------------------------------------------------
Synthesis finished with 0 errors, 0 critical warnings and 0 warnings.
Synthesis Optimization Runtime : Time (s): cpu = 00:00:46 ; elapsed = 00:01:04 . Memory (MB): peak = 1245.754 ; gain = 77.586
Synthesis Optimization Complete : Time (s): cpu = 00:01:03 ; elapsed = 00:01:09 . Memory (MB): peak = 1245.754 ; gain = 164.414
INFO: [Project 1-571] Translating synthesized netlist
Netlist sorting complete. Time (s): cpu = 00:00:00 ; elapsed = 00:00:00.002 . Memory (MB): peak = 1257.801 ; gain = 0.000
INFO: [Netlist 29-17] Analyzing 6 Unisim elements for replacement
INFO: [Netlist 29-28] Unisim Transformation completed in 0 CPU seconds
INFO: [Project 1-570] Preparing netlist for logic optimization
INFO: [Opt 31-138] Pushed 0 inverter(s) to 0 load pin(s).
Netlist sorting complete. Time (s): cpu = 00:00:00 ; elapsed = 00:00:00 . Memory (MB): peak = 1263.965 ; gain = 0.000
INFO: [Project 1-111] Unisim Transformation Summary:
No Unisim elements were transformed.

INFO: [Common 17-83] Releasing license: Synthesis
22 Infos, 1 Warnings, 0 Critical Warnings and 0 Errors encountered.
synth_design completed successfully
synth_design: Time (s): cpu = 00:01:18 ; elapsed = 00:01:29 . Memory (MB): peak = 1263.965 ; gain = 182.625
INFO: [Common 17-1381] The checkpoint 'D:/Sep_martin_pena/proyecto_sep_1/Memorice_completo/Memorice_completo.runs/Memorice_completo_debouncer_reset_0_synth_1/Memorice_completo_debouncer_reset_0.dcp' has been generated.
WARNING: [Common 17-576] 'use_project_ipc' is deprecated. This option is deprecated and no longer used.
INFO: [Coretcl 2-1648] Added synthesis output to IP cache for IP Memorice_completo_debouncer_reset_0, cache-ID = a1bffb5a786f1d44
INFO: [Common 17-1381] The checkpoint 'D:/Sep_martin_pena/proyecto_sep_1/Memorice_completo/Memorice_completo.runs/Memorice_completo_debouncer_reset_0_synth_1/Memorice_completo_debouncer_reset_0.dcp' has been generated.
INFO: [runtcl-4] Executing : report_utilization -file Memorice_completo_debouncer_reset_0_utilization_synth.rpt -pb Memorice_completo_debouncer_reset_0_utilization_synth.pb
INFO: [Common 17-206] Exiting Vivado at Fri Sep 25 19:22:04 2026...
