
*** Running vivado
    with args -log design_1_Debouncing_Button_VH_0_0.vds -m64 -product Vivado -mode batch -messageDb vivado.pb -notrace -source design_1_Debouncing_Button_VH_0_0.tcl



****** Vivado v2020.1 (64-bit)
  **** SW Build 2902540 on Wed May 27 19:54:49 MDT 2020
  **** IP Build 2902112 on Wed May 27 22:43:36 MDT 2020
    ** Copyright 1986-2020 Xilinx, Inc. All Rights Reserved.

source design_1_Debouncing_Button_VH_0_0.tcl -notrace
WARNING: [Common 17-1361] You have specified a new message control rule that is equivalent to an existing rule with attributes ' -id {[BD 41-1306]}  -suppress '. The existing rule will be replaced.
WARNING: [Common 17-1361] You have specified a new message control rule that is equivalent to an existing rule with attributes ' -id {[BD 41-1271]}  -suppress '. The existing rule will be replaced.
INFO: [IP_Flow 19-234] Refreshing IP repositories
INFO: [IP_Flow 19-1700] Loaded user IP repository 'c:/Users/crist/Downloads'.
INFO: [IP_Flow 19-1700] Loaded user IP repository 'c:/Users/crist/Desktop/SEP/AYUDANTIA/SM'.
INFO: [IP_Flow 19-1700] Loaded user IP repository 'c:/Users/crist/Desktop/SEP/AYUDANTIA/BTNS_debouncer'.
INFO: [IP_Flow 19-1700] Loaded user IP repository 'c:/Users/crist/Desktop/SEP/AYUDANTIA/RAM2'.
INFO: [IP_Flow 19-1700] Loaded user IP repository 'c:/Users/crist/Desktop/SEP/AYUDANTIA/instr_mem'.
INFO: [IP_Flow 19-1700] Loaded user IP repository 'c:/Users/crist/Desktop/SEP/AYUDANTIA/prog_mem'.
INFO: [IP_Flow 19-1700] Loaded user IP repository 'c:/Users/crist/Desktop/SEP/AYUDANTIA/ALU'.
INFO: [IP_Flow 19-1700] Loaded user IP repository 'c:/Users/crist/Desktop/SEP/AYUDANTIA/control_unit'.
INFO: [IP_Flow 19-2313] Loaded Vivado IP repository 'C:/Xilinx/Vivado/2020.1/data/ip'.
Command: synth_design -top design_1_Debouncing_Button_VH_0_0 -part xc7z010clg400-1 -mode out_of_context
Starting synth_design
Attempting to get a license for feature 'Synthesis' and/or device 'xc7z010'
INFO: [Common 17-349] Got license for feature 'Synthesis' and/or device 'xc7z010'
INFO: [Synth 8-7079] Multithreading enabled for synth_design using a maximum of 2 processes.
INFO: [Synth 8-7078] Launching helper process for spawning children vivado processes
INFO: [Synth 8-7075] Helper process launched with PID 17624
---------------------------------------------------------------------------------
Starting Synthesize : Time (s): cpu = 00:00:04 ; elapsed = 00:00:07 . Memory (MB): peak = 1063.344 ; gain = 0.000
---------------------------------------------------------------------------------
INFO: [Synth 8-638] synthesizing module 'design_1_Debouncing_Button_VH_0_0' [c:/Users/crist/Desktop/SEP/AYUDANTIA/AY3_wrapper/AY3_wrapper.srcs/sources_1/bd/design_1/ip/design_1_Debouncing_Button_VH_0_0/synth/design_1_Debouncing_Button_VH_0_0.vhd:64]
INFO: [Synth 8-3491] module 'Debouncing_Button_VHDL' declared at 'c:/Users/crist/Desktop/SEP/AYUDANTIA/AY3_wrapper/AY3_wrapper.srcs/sources_1/bd/design_1/ipshared/df4e/BTNS_debouncer.vhd:61' bound to instance 'U0' of component 'Debouncing_Button_VHDL' [c:/Users/crist/Desktop/SEP/AYUDANTIA/AY3_wrapper/AY3_wrapper.srcs/sources_1/bd/design_1/ip/design_1_Debouncing_Button_VH_0_0/synth/design_1_Debouncing_Button_VH_0_0.vhd:87]
INFO: [Synth 8-638] synthesizing module 'Debouncing_Button_VHDL' [c:/Users/crist/Desktop/SEP/AYUDANTIA/AY3_wrapper/AY3_wrapper.srcs/sources_1/bd/design_1/ipshared/df4e/BTNS_debouncer.vhd:68]
INFO: [Synth 8-638] synthesizing module 'clock_enable_debouncing_button' [c:/Users/crist/Desktop/SEP/AYUDANTIA/AY3_wrapper/AY3_wrapper.srcs/sources_1/bd/design_1/ipshared/df4e/BTNS_debouncer.vhd:14]
INFO: [Synth 8-256] done synthesizing module 'clock_enable_debouncing_button' (1#1) [c:/Users/crist/Desktop/SEP/AYUDANTIA/AY3_wrapper/AY3_wrapper.srcs/sources_1/bd/design_1/ipshared/df4e/BTNS_debouncer.vhd:14]
INFO: [Synth 8-638] synthesizing module 'DFF_Debouncing_Button' [c:/Users/crist/Desktop/SEP/AYUDANTIA/AY3_wrapper/AY3_wrapper.srcs/sources_1/bd/design_1/ipshared/df4e/BTNS_debouncer.vhd:43]
INFO: [Synth 8-256] done synthesizing module 'DFF_Debouncing_Button' (2#1) [c:/Users/crist/Desktop/SEP/AYUDANTIA/AY3_wrapper/AY3_wrapper.srcs/sources_1/bd/design_1/ipshared/df4e/BTNS_debouncer.vhd:43]
INFO: [Synth 8-256] done synthesizing module 'Debouncing_Button_VHDL' (3#1) [c:/Users/crist/Desktop/SEP/AYUDANTIA/AY3_wrapper/AY3_wrapper.srcs/sources_1/bd/design_1/ipshared/df4e/BTNS_debouncer.vhd:68]
INFO: [Synth 8-256] done synthesizing module 'design_1_Debouncing_Button_VH_0_0' (4#1) [c:/Users/crist/Desktop/SEP/AYUDANTIA/AY3_wrapper/AY3_wrapper.srcs/sources_1/bd/design_1/ip/design_1_Debouncing_Button_VH_0_0/synth/design_1_Debouncing_Button_VH_0_0.vhd:64]
---------------------------------------------------------------------------------
Finished Synthesize : Time (s): cpu = 00:00:04 ; elapsed = 00:00:09 . Memory (MB): peak = 1063.344 ; gain = 0.000
---------------------------------------------------------------------------------
---------------------------------------------------------------------------------
Finished Constraint Validation : Time (s): cpu = 00:00:05 ; elapsed = 00:00:09 . Memory (MB): peak = 1063.344 ; gain = 0.000
---------------------------------------------------------------------------------
---------------------------------------------------------------------------------
Start Loading Part and Timing Information
---------------------------------------------------------------------------------
Loading part: xc7z010clg400-1
---------------------------------------------------------------------------------
Finished Loading Part and Timing Information : Time (s): cpu = 00:00:05 ; elapsed = 00:00:09 . Memory (MB): peak = 1063.344 ; gain = 0.000
---------------------------------------------------------------------------------
INFO: [Device 21-403] Loading part xc7z010clg400-1
---------------------------------------------------------------------------------
Finished RTL Optimization Phase 2 : Time (s): cpu = 00:00:05 ; elapsed = 00:00:10 . Memory (MB): peak = 1063.344 ; gain = 0.000
---------------------------------------------------------------------------------
No constraint files found.
---------------------------------------------------------------------------------
Start RTL Component Statistics 
---------------------------------------------------------------------------------
Detailed RTL Component Info : 
+---Registers : 
	                1 Bit    Registers := 3     
---------------------------------------------------------------------------------
Finished RTL Component Statistics 
---------------------------------------------------------------------------------
---------------------------------------------------------------------------------
Start Part Resource Summary
---------------------------------------------------------------------------------
Part Resources:
DSPs: 80 (col length:40)
BRAMs: 120 (col length: RAMB18 40 RAMB36 20)
---------------------------------------------------------------------------------
Finished Part Resource Summary
---------------------------------------------------------------------------------
No constraint files found.
---------------------------------------------------------------------------------
Start Cross Boundary and Area Optimization
---------------------------------------------------------------------------------
---------------------------------------------------------------------------------
Finished Cross Boundary and Area Optimization : Time (s): cpu = 00:00:08 ; elapsed = 00:00:18 . Memory (MB): peak = 1063.344 ; gain = 0.000
---------------------------------------------------------------------------------
No constraint files found.
---------------------------------------------------------------------------------
Start Timing Optimization
---------------------------------------------------------------------------------
---------------------------------------------------------------------------------
Finished Timing Optimization : Time (s): cpu = 00:00:08 ; elapsed = 00:00:18 . Memory (MB): peak = 1063.344 ; gain = 0.000
---------------------------------------------------------------------------------
---------------------------------------------------------------------------------
Start Technology Mapping
---------------------------------------------------------------------------------
---------------------------------------------------------------------------------
Finished Technology Mapping : Time (s): cpu = 00:00:08 ; elapsed = 00:00:18 . Memory (MB): peak = 1063.344 ; gain = 0.000
---------------------------------------------------------------------------------
---------------------------------------------------------------------------------
Start IO Insertion
---------------------------------------------------------------------------------
---------------------------------------------------------------------------------
Start Flattening Before IO Insertion
---------------------------------------------------------------------------------
---------------------------------------------------------------------------------
Finished Flattening Before IO Insertion
---------------------------------------------------------------------------------
---------------------------------------------------------------------------------
Start Final Netlist Cleanup
---------------------------------------------------------------------------------
---------------------------------------------------------------------------------
Finished Final Netlist Cleanup
---------------------------------------------------------------------------------
---------------------------------------------------------------------------------
Finished IO Insertion : Time (s): cpu = 00:00:11 ; elapsed = 00:00:24 . Memory (MB): peak = 1063.344 ; gain = 0.000
---------------------------------------------------------------------------------
---------------------------------------------------------------------------------
Start Renaming Generated Instances
---------------------------------------------------------------------------------
---------------------------------------------------------------------------------
Finished Renaming Generated Instances : Time (s): cpu = 00:00:11 ; elapsed = 00:00:24 . Memory (MB): peak = 1063.344 ; gain = 0.000
---------------------------------------------------------------------------------
---------------------------------------------------------------------------------
Start Rebuilding User Hierarchy
---------------------------------------------------------------------------------
---------------------------------------------------------------------------------
Finished Rebuilding User Hierarchy : Time (s): cpu = 00:00:11 ; elapsed = 00:00:24 . Memory (MB): peak = 1063.344 ; gain = 0.000
---------------------------------------------------------------------------------
---------------------------------------------------------------------------------
Start Renaming Generated Ports
---------------------------------------------------------------------------------
---------------------------------------------------------------------------------
Finished Renaming Generated Ports : Time (s): cpu = 00:00:11 ; elapsed = 00:00:24 . Memory (MB): peak = 1063.344 ; gain = 0.000
---------------------------------------------------------------------------------
---------------------------------------------------------------------------------
Start Handling Custom Attributes
---------------------------------------------------------------------------------
---------------------------------------------------------------------------------
Finished Handling Custom Attributes : Time (s): cpu = 00:00:11 ; elapsed = 00:00:24 . Memory (MB): peak = 1063.344 ; gain = 0.000
---------------------------------------------------------------------------------
---------------------------------------------------------------------------------
Start Renaming Generated Nets
---------------------------------------------------------------------------------
---------------------------------------------------------------------------------
Finished Renaming Generated Nets : Time (s): cpu = 00:00:11 ; elapsed = 00:00:24 . Memory (MB): peak = 1063.344 ; gain = 0.000
---------------------------------------------------------------------------------
---------------------------------------------------------------------------------
Start Writing Synthesis Report
---------------------------------------------------------------------------------

Report BlackBoxes: 
+-+--------------+----------+
| |BlackBox name |Instances |
+-+--------------+----------+
+-+--------------+----------+

Report Cell Usage: 
+------+-------+------+
|      |Cell   |Count |
+------+-------+------+
|1     |CARRY4 |     7|
|2     |LUT1   |     1|
|3     |LUT2   |     1|
|4     |LUT3   |     2|
|5     |LUT4   |     6|
|6     |LUT5   |     3|
|7     |LUT6   |     3|
|8     |FDRE   |    31|
+------+-------+------+

Report Instance Areas: 
+------+---------------------------+-------------------------------+------+
|      |Instance                   |Module                         |Cells |
+------+---------------------------+-------------------------------+------+
|1     |top                        |                               |    54|
|2     |  U0                       |Debouncing_Button_VHDL         |    54|
|3     |    Debouncing_FF0         |DFF_Debouncing_Button          |     1|
|4     |    Debouncing_FF1         |DFF_Debouncing_Button_0        |     2|
|5     |    Debouncing_FF2         |DFF_Debouncing_Button_1        |     1|
|6     |    clock_enable_generator |clock_enable_debouncing_button |    50|
+------+---------------------------+-------------------------------+------+
---------------------------------------------------------------------------------
Finished Writing Synthesis Report : Time (s): cpu = 00:00:11 ; elapsed = 00:00:24 . Memory (MB): peak = 1063.344 ; gain = 0.000
---------------------------------------------------------------------------------
Synthesis finished with 0 errors, 0 critical warnings and 0 warnings.
Synthesis Optimization Runtime : Time (s): cpu = 00:00:11 ; elapsed = 00:00:24 . Memory (MB): peak = 1063.344 ; gain = 0.000
Synthesis Optimization Complete : Time (s): cpu = 00:00:11 ; elapsed = 00:00:24 . Memory (MB): peak = 1063.344 ; gain = 0.000
INFO: [Project 1-571] Translating synthesized netlist
Netlist sorting complete. Time (s): cpu = 00:00:00 ; elapsed = 00:00:00.001 . Memory (MB): peak = 1063.344 ; gain = 0.000
INFO: [Netlist 29-17] Analyzing 7 Unisim elements for replacement
INFO: [Netlist 29-28] Unisim Transformation completed in 0 CPU seconds
INFO: [Project 1-570] Preparing netlist for logic optimization
INFO: [Opt 31-138] Pushed 0 inverter(s) to 0 load pin(s).
Netlist sorting complete. Time (s): cpu = 00:00:00 ; elapsed = 00:00:00.001 . Memory (MB): peak = 1063.344 ; gain = 0.000
INFO: [Project 1-111] Unisim Transformation Summary:
No Unisim elements were transformed.

INFO: [Common 17-83] Releasing license: Synthesis
31 Infos, 2 Warnings, 0 Critical Warnings and 0 Errors encountered.
synth_design completed successfully
synth_design: Time (s): cpu = 00:00:14 ; elapsed = 00:00:32 . Memory (MB): peak = 1063.344 ; gain = 0.000
INFO: [Timing 38-35] Done setting XDC timing constraints.
INFO: [Common 17-1381] The checkpoint 'C:/Users/crist/Desktop/SEP/AYUDANTIA/AY3_wrapper/AY3_wrapper.runs/design_1_Debouncing_Button_VH_0_0_synth_1/design_1_Debouncing_Button_VH_0_0.dcp' has been generated.
write_checkpoint: Time (s): cpu = 00:00:08 ; elapsed = 00:00:14 . Memory (MB): peak = 1421.402 ; gain = 358.059
WARNING: [Common 17-576] 'use_project_ipc' is deprecated. This option is deprecated and no longer used.
INFO: [Coretcl 2-1648] Added synthesis output to IP cache for IP design_1_Debouncing_Button_VH_0_0, cache-ID = 75683dadc559a19a
INFO: [Coretcl 2-1174] Renamed 5 cell refs.
WARNING: [Constraints 18-5210] No constraints selected for write.
Resolution: This message can indicate that there are no constraints for the design, or it can indicate that the used_in flags are set such that the constraints are ignored. This later case is used when running synth_design to not write synthesis constraints to the resulting checkpoint. Instead, project constraints are read when the synthesized design is opened.
INFO: [Common 17-1381] The checkpoint 'C:/Users/crist/Desktop/SEP/AYUDANTIA/AY3_wrapper/AY3_wrapper.runs/design_1_Debouncing_Button_VH_0_0_synth_1/design_1_Debouncing_Button_VH_0_0.dcp' has been generated.
INFO: [runtcl-4] Executing : report_utilization -file design_1_Debouncing_Button_VH_0_0_utilization_synth.rpt -pb design_1_Debouncing_Button_VH_0_0_utilization_synth.pb
INFO: [Common 17-206] Exiting Vivado at Sun Aug 27 22:23:31 2023...
