
*** Running vivado
    with args -log SM.vdi -applog -m64 -product Vivado -messageDb vivado.pb -mode batch -source SM.tcl -notrace



****** Vivado v2020.1 (64-bit)
  **** SW Build 2902540 on Wed May 27 19:54:49 MDT 2020
  **** IP Build 2902112 on Wed May 27 22:43:36 MDT 2020
    ** Copyright 1986-2020 Xilinx, Inc. All Rights Reserved.

source SM.tcl -notrace
create_project: Time (s): cpu = 00:00:06 ; elapsed = 00:00:06 . Memory (MB): peak = 1073.547 ; gain = 0.000
Command: link_design -top SM -part xc7z010clg400-1
Design is defaulting to srcset: sources_1
Design is defaulting to constrset: constrs_1
INFO: [Device 21-403] Loading part xc7z010clg400-1
Netlist sorting complete. Time (s): cpu = 00:00:00 ; elapsed = 00:00:00.001 . Memory (MB): peak = 1073.547 ; gain = 0.000
INFO: [Project 1-479] Netlist was created with Vivado 2020.1
INFO: [Project 1-570] Preparing netlist for logic optimization
Netlist sorting complete. Time (s): cpu = 00:00:00 ; elapsed = 00:00:00 . Memory (MB): peak = 1073.547 ; gain = 0.000
INFO: [Project 1-111] Unisim Transformation Summary:
No Unisim elements were transformed.

4 Infos, 0 Warnings, 0 Critical Warnings and 0 Errors encountered.
link_design completed successfully
link_design: Time (s): cpu = 00:00:09 ; elapsed = 00:00:14 . Memory (MB): peak = 1073.547 ; gain = 0.000
Command: opt_design
Attempting to get a license for feature 'Implementation' and/or device 'xc7z010'
INFO: [Common 17-349] Got license for feature 'Implementation' and/or device 'xc7z010'
Running DRC as a precondition to command opt_design

Starting DRC Task
INFO: [DRC 23-27] Running DRC with 2 threads
INFO: [Project 1-461] DRC finished with 0 Errors
INFO: [Project 1-462] Please refer to the DRC report (report_drc) for more information.

Time (s): cpu = 00:00:02 ; elapsed = 00:00:02 . Memory (MB): peak = 1073.547 ; gain = 0.000

Starting Cache Timing Information Task
INFO: [Timing 38-35] Done setting XDC timing constraints.
Ending Cache Timing Information Task | Checksum: 13f768afb

Time (s): cpu = 00:00:14 ; elapsed = 00:00:15 . Memory (MB): peak = 1479.914 ; gain = 406.367

Starting Logic Optimization Task

Phase 1 Retarget
INFO: [Opt 31-138] Pushed 0 inverter(s) to 0 load pin(s).
INFO: [Opt 31-49] Retargeted 0 cell(s).
Phase 1 Retarget | Checksum: 13f768afb

Time (s): cpu = 00:00:00 ; elapsed = 00:00:00.136 . Memory (MB): peak = 1676.445 ; gain = 0.000
INFO: [Opt 31-389] Phase Retarget created 0 cells and removed 0 cells

Phase 2 Constant propagation
INFO: [Opt 31-138] Pushed 0 inverter(s) to 0 load pin(s).
Phase 2 Constant propagation | Checksum: 13f768afb

Time (s): cpu = 00:00:00 ; elapsed = 00:00:00.140 . Memory (MB): peak = 1676.445 ; gain = 0.000
INFO: [Opt 31-389] Phase Constant propagation created 0 cells and removed 0 cells

Phase 3 Sweep
Phase 3 Sweep | Checksum: 13f768afb

Time (s): cpu = 00:00:00 ; elapsed = 00:00:00.150 . Memory (MB): peak = 1676.445 ; gain = 0.000
INFO: [Opt 31-389] Phase Sweep created 0 cells and removed 0 cells

Phase 4 BUFG optimization
Phase 4 BUFG optimization | Checksum: 13f768afb

Time (s): cpu = 00:00:00 ; elapsed = 00:00:00.159 . Memory (MB): peak = 1676.445 ; gain = 0.000
INFO: [Opt 31-662] Phase BUFG optimization created 0 cells of which 0 are BUFGs and removed 0 cells.

Phase 5 Shift Register Optimization
INFO: [Opt 31-1064] SRL Remap converted 0 SRLs to 0 registers and converted 0 registers of register chains to 0 SRLs
Phase 5 Shift Register Optimization | Checksum: 13f768afb

Time (s): cpu = 00:00:00 ; elapsed = 00:00:00.162 . Memory (MB): peak = 1676.445 ; gain = 0.000
INFO: [Opt 31-389] Phase Shift Register Optimization created 0 cells and removed 0 cells

Phase 6 Post Processing Netlist
Phase 6 Post Processing Netlist | Checksum: 13f768afb

Time (s): cpu = 00:00:00 ; elapsed = 00:00:00.200 . Memory (MB): peak = 1676.445 ; gain = 0.000
INFO: [Opt 31-389] Phase Post Processing Netlist created 0 cells and removed 0 cells
Opt_design Change Summary
=========================


-------------------------------------------------------------------------------------------------------------------------
|  Phase                        |  #Cells created  |  #Cells Removed  |  #Constrained objects preventing optimizations  |
-------------------------------------------------------------------------------------------------------------------------
|  Retarget                     |               0  |               0  |                                              0  |
|  Constant propagation         |               0  |               0  |                                              0  |
|  Sweep                        |               0  |               0  |                                              0  |
|  BUFG optimization            |               0  |               0  |                                              0  |
|  Shift Register Optimization  |               0  |               0  |                                              0  |
|  Post Processing Netlist      |               0  |               0  |                                              0  |
-------------------------------------------------------------------------------------------------------------------------



Starting Connectivity Check Task

Time (s): cpu = 00:00:00 ; elapsed = 00:00:00 . Memory (MB): peak = 1676.445 ; gain = 0.000
Ending Logic Optimization Task | Checksum: 13f768afb

Time (s): cpu = 00:00:00 ; elapsed = 00:00:00.205 . Memory (MB): peak = 1676.445 ; gain = 0.000

Starting Power Optimization Task
INFO: [Pwropt 34-132] Skipping clock gating for clocks with a period < 2.00 ns.
Ending Power Optimization Task | Checksum: 13f768afb

Time (s): cpu = 00:00:00 ; elapsed = 00:00:00.024 . Memory (MB): peak = 1676.445 ; gain = 0.000

Starting Final Cleanup Task
Ending Final Cleanup Task | Checksum: 13f768afb

Time (s): cpu = 00:00:00 ; elapsed = 00:00:00 . Memory (MB): peak = 1676.445 ; gain = 0.000

Starting Netlist Obfuscation Task
Netlist sorting complete. Time (s): cpu = 00:00:00 ; elapsed = 00:00:00 . Memory (MB): peak = 1676.445 ; gain = 0.000
Ending Netlist Obfuscation Task | Checksum: 13f768afb

Time (s): cpu = 00:00:00 ; elapsed = 00:00:00 . Memory (MB): peak = 1676.445 ; gain = 0.000
INFO: [Common 17-83] Releasing license: Implementation
21 Infos, 0 Warnings, 0 Critical Warnings and 0 Errors encountered.
opt_design completed successfully
opt_design: Time (s): cpu = 00:00:19 ; elapsed = 00:00:21 . Memory (MB): peak = 1676.445 ; gain = 602.898
WARNING: [Constraints 18-5210] No constraints selected for write.
Resolution: This message can indicate that there are no constraints for the design, or it can indicate that the used_in flags are set such that the constraints are ignored. This later case is used when running synth_design to not write synthesis constraints to the resulting checkpoint. Instead, project constraints are read when the synthesized design is opened.
INFO: [Common 17-1381] The checkpoint 'D:/Sep_martin_pena/bloques_creados/StateMachine/tmp_edit_project.runs/impl_1/SM_opt.dcp' has been generated.
INFO: [runtcl-4] Executing : report_drc -file SM_drc_opted.rpt -pb SM_drc_opted.pb -rpx SM_drc_opted.rpx
Command: report_drc -file SM_drc_opted.rpt -pb SM_drc_opted.pb -rpx SM_drc_opted.rpx
INFO: [IP_Flow 19-234] Refreshing IP repositories
INFO: [IP_Flow 19-1704] No user IP repositories specified
INFO: [IP_Flow 19-2313] Loaded Vivado IP repository 'D:/Xilinx/Vivado/2020.1/data/ip'.
INFO: [DRC 23-27] Running DRC with 2 threads
INFO: [Coretcl 2-168] The results of DRC are in file D:/Sep_martin_pena/bloques_creados/StateMachine/tmp_edit_project.runs/impl_1/SM_drc_opted.rpt.
report_drc completed successfully
Command: place_design
Attempting to get a license for feature 'Implementation' and/or device 'xc7z010'
INFO: [Common 17-349] Got license for feature 'Implementation' and/or device 'xc7z010'
INFO: [DRC 23-27] Running DRC with 2 threads
INFO: [Vivado_Tcl 4-198] DRC finished with 0 Errors
INFO: [Vivado_Tcl 4-199] Please refer to the DRC report (report_drc) for more information.
Running DRC as a precondition to command place_design
INFO: [DRC 23-27] Running DRC with 2 threads
INFO: [Vivado_Tcl 4-198] DRC finished with 0 Errors
INFO: [Vivado_Tcl 4-199] Please refer to the DRC report (report_drc) for more information.

Starting Placer Task
INFO: [Place 30-611] Multithreading enabled for place_design using a maximum of 2 CPUs

Phase 1 Placer Initialization

Phase 1.1 Placer Initialization Netlist Sorting
Netlist sorting complete. Time (s): cpu = 00:00:00 ; elapsed = 00:00:00 . Memory (MB): peak = 1676.445 ; gain = 0.000
Phase 1.1 Placer Initialization Netlist Sorting | Checksum: 529594c5

Time (s): cpu = 00:00:00 ; elapsed = 00:00:00.022 . Memory (MB): peak = 1676.445 ; gain = 0.000
Netlist sorting complete. Time (s): cpu = 00:00:00 ; elapsed = 00:00:00 . Memory (MB): peak = 1676.445 ; gain = 0.000

Phase 1.2 IO Placement/ Clock Placement/ Build Placer Device
INFO: [Timing 38-35] Done setting XDC timing constraints.
Phase 1.2 IO Placement/ Clock Placement/ Build Placer Device | Checksum: 156ceb50a

Time (s): cpu = 00:00:01 ; elapsed = 00:00:00.601 . Memory (MB): peak = 1676.445 ; gain = 0.000

Phase 1.3 Build Placer Netlist Model
Phase 1.3 Build Placer Netlist Model | Checksum: 23ba3d53f

Time (s): cpu = 00:00:01 ; elapsed = 00:00:00.721 . Memory (MB): peak = 1676.445 ; gain = 0.000

Phase 1.4 Constrain Clocks/Macros
Phase 1.4 Constrain Clocks/Macros | Checksum: 23ba3d53f

Time (s): cpu = 00:00:01 ; elapsed = 00:00:00.725 . Memory (MB): peak = 1676.445 ; gain = 0.000
Phase 1 Placer Initialization | Checksum: 23ba3d53f

Time (s): cpu = 00:00:01 ; elapsed = 00:00:00.737 . Memory (MB): peak = 1676.445 ; gain = 0.000

Phase 2 Global Placement

Phase 2.1 Floorplanning
Phase 2.1 Floorplanning | Checksum: 23ba3d53f

Time (s): cpu = 00:00:01 ; elapsed = 00:00:00.752 . Memory (MB): peak = 1676.445 ; gain = 0.000

Phase 2.2 Global Placement Core
WARNING: [Place 46-29] place_design is not in timing mode. Skip physical synthesis in placer
Phase 2.2 Global Placement Core | Checksum: 24dec9df9

Time (s): cpu = 00:00:02 ; elapsed = 00:00:02 . Memory (MB): peak = 1676.445 ; gain = 0.000
Phase 2 Global Placement | Checksum: 24dec9df9

Time (s): cpu = 00:00:02 ; elapsed = 00:00:02 . Memory (MB): peak = 1676.445 ; gain = 0.000

Phase 3 Detail Placement

Phase 3.1 Commit Multi Column Macros
Phase 3.1 Commit Multi Column Macros | Checksum: 24dec9df9

Time (s): cpu = 00:00:02 ; elapsed = 00:00:02 . Memory (MB): peak = 1676.445 ; gain = 0.000

Phase 3.2 Commit Most Macros & LUTRAMs
Phase 3.2 Commit Most Macros & LUTRAMs | Checksum: 19bd0975a

Time (s): cpu = 00:00:02 ; elapsed = 00:00:02 . Memory (MB): peak = 1676.445 ; gain = 0.000

Phase 3.3 Area Swap Optimization
Phase 3.3 Area Swap Optimization | Checksum: 19d379467

Time (s): cpu = 00:00:02 ; elapsed = 00:00:02 . Memory (MB): peak = 1676.445 ; gain = 0.000

Phase 3.4 Pipeline Register Optimization
Phase 3.4 Pipeline Register Optimization | Checksum: 19d379467

Time (s): cpu = 00:00:02 ; elapsed = 00:00:02 . Memory (MB): peak = 1676.445 ; gain = 0.000

Phase 3.5 Small Shape Detail Placement
Phase 3.5 Small Shape Detail Placement | Checksum: 1af61c0ce

Time (s): cpu = 00:00:02 ; elapsed = 00:00:02 . Memory (MB): peak = 1676.445 ; gain = 0.000

Phase 3.6 Re-assign LUT pins
Phase 3.6 Re-assign LUT pins | Checksum: 1af61c0ce

Time (s): cpu = 00:00:02 ; elapsed = 00:00:02 . Memory (MB): peak = 1676.445 ; gain = 0.000

Phase 3.7 Pipeline Register Optimization
Phase 3.7 Pipeline Register Optimization | Checksum: 1af61c0ce

Time (s): cpu = 00:00:02 ; elapsed = 00:00:02 . Memory (MB): peak = 1676.445 ; gain = 0.000
Phase 3 Detail Placement | Checksum: 1af61c0ce

Time (s): cpu = 00:00:02 ; elapsed = 00:00:02 . Memory (MB): peak = 1676.445 ; gain = 0.000

Phase 4 Post Placement Optimization and Clean-Up

Phase 4.1 Post Commit Optimization
Phase 4.1 Post Commit Optimization | Checksum: 1af61c0ce

Time (s): cpu = 00:00:02 ; elapsed = 00:00:02 . Memory (MB): peak = 1676.445 ; gain = 0.000

Phase 4.2 Post Placement Cleanup
Phase 4.2 Post Placement Cleanup | Checksum: 1af61c0ce

Time (s): cpu = 00:00:02 ; elapsed = 00:00:02 . Memory (MB): peak = 1676.445 ; gain = 0.000

Phase 4.3 Placer Reporting
Phase 4.3 Placer Reporting | Checksum: 1af61c0ce

Time (s): cpu = 00:00:02 ; elapsed = 00:00:02 . Memory (MB): peak = 1676.445 ; gain = 0.000

Phase 4.4 Final Placement Cleanup
Netlist sorting complete. Time (s): cpu = 00:00:00 ; elapsed = 00:00:00 . Memory (MB): peak = 1676.445 ; gain = 0.000
Phase 4.4 Final Placement Cleanup | Checksum: e399750a

Time (s): cpu = 00:00:02 ; elapsed = 00:00:02 . Memory (MB): peak = 1676.445 ; gain = 0.000
Phase 4 Post Placement Optimization and Clean-Up | Checksum: e399750a

Time (s): cpu = 00:00:02 ; elapsed = 00:00:02 . Memory (MB): peak = 1676.445 ; gain = 0.000
Ending Placer Task | Checksum: b71afc07

Time (s): cpu = 00:00:02 ; elapsed = 00:00:02 . Memory (MB): peak = 1676.445 ; gain = 0.000
INFO: [Common 17-83] Releasing license: Implementation
38 Infos, 2 Warnings, 0 Critical Warnings and 0 Errors encountered.
place_design completed successfully
WARNING: [Constraints 18-5210] No constraints selected for write.
Resolution: This message can indicate that there are no constraints for the design, or it can indicate that the used_in flags are set such that the constraints are ignored. This later case is used when running synth_design to not write synthesis constraints to the resulting checkpoint. Instead, project constraints are read when the synthesized design is opened.
Writing placer database...
Writing XDEF routing.
Writing XDEF routing logical nets.
Writing XDEF routing special nets.
Write XDEF Complete: Time (s): cpu = 00:00:00 ; elapsed = 00:00:00.169 . Memory (MB): peak = 1684.215 ; gain = 7.770
INFO: [Common 17-1381] The checkpoint 'D:/Sep_martin_pena/bloques_creados/StateMachine/tmp_edit_project.runs/impl_1/SM_placed.dcp' has been generated.
INFO: [runtcl-4] Executing : report_io -file SM_io_placed.rpt
report_io: Time (s): cpu = 00:00:01 ; elapsed = 00:00:00.134 . Memory (MB): peak = 1684.215 ; gain = 0.000
INFO: [runtcl-4] Executing : report_utilization -file SM_utilization_placed.rpt -pb SM_utilization_placed.pb
INFO: [runtcl-4] Executing : report_control_sets -verbose -file SM_control_sets_placed.rpt
report_control_sets: Time (s): cpu = 00:00:00 ; elapsed = 00:00:00.003 . Memory (MB): peak = 1684.215 ; gain = 0.000
Command: phys_opt_design
Attempting to get a license for feature 'Implementation' and/or device 'xc7z010'
INFO: [Common 17-349] Got license for feature 'Implementation' and/or device 'xc7z010'
INFO: [Vivado_Tcl 4-235] No timing constraint found. The netlist was not modified.
INFO: [Common 17-83] Releasing license: Implementation
45 Infos, 3 Warnings, 0 Critical Warnings and 0 Errors encountered.
phys_opt_design completed successfully
WARNING: [Constraints 18-5210] No constraints selected for write.
Resolution: This message can indicate that there are no constraints for the design, or it can indicate that the used_in flags are set such that the constraints are ignored. This later case is used when running synth_design to not write synthesis constraints to the resulting checkpoint. Instead, project constraints are read when the synthesized design is opened.
Writing placer database...
Writing XDEF routing.
Writing XDEF routing logical nets.
Writing XDEF routing special nets.
Write XDEF Complete: Time (s): cpu = 00:00:00 ; elapsed = 00:00:00.074 . Memory (MB): peak = 1718.547 ; gain = 0.000
INFO: [Common 17-1381] The checkpoint 'D:/Sep_martin_pena/bloques_creados/StateMachine/tmp_edit_project.runs/impl_1/SM_physopt.dcp' has been generated.
Command: route_design
Attempting to get a license for feature 'Implementation' and/or device 'xc7z010'
INFO: [Common 17-349] Got license for feature 'Implementation' and/or device 'xc7z010'
Running DRC as a precondition to command route_design
INFO: [DRC 23-27] Running DRC with 2 threads
INFO: [Vivado_Tcl 4-198] DRC finished with 0 Errors
INFO: [Vivado_Tcl 4-199] Please refer to the DRC report (report_drc) for more information.


Starting Routing Task
INFO: [Route 35-254] Multithreading enabled for route_design using a maximum of 2 CPUs
Checksum: PlaceDB: 9dc02db3 ConstDB: 0 ShapeSum: 195ace54 RouteDB: 0

Phase 1 Build RT Design
Phase 1 Build RT Design | Checksum: 15d6f0ab1

Time (s): cpu = 00:00:17 ; elapsed = 00:00:16 . Memory (MB): peak = 1765.738 ; gain = 33.148
Post Restoration Checksum: NetGraph: fb748c9c NumContArr: 61fa7e15 Constraints: 0 Timing: 0

Phase 2 Router Initialization
INFO: [Route 35-64] No timing constraints were detected. The router will operate in resource-optimization mode.

Phase 2.1 Fix Topology Constraints
Phase 2.1 Fix Topology Constraints | Checksum: 15d6f0ab1

Time (s): cpu = 00:00:17 ; elapsed = 00:00:16 . Memory (MB): peak = 1771.738 ; gain = 39.148

Phase 2.2 Pre Route Cleanup
Phase 2.2 Pre Route Cleanup | Checksum: 15d6f0ab1

Time (s): cpu = 00:00:17 ; elapsed = 00:00:16 . Memory (MB): peak = 1771.738 ; gain = 39.148
 Number of Nodes with overlaps = 0
Phase 2 Router Initialization | Checksum: 1870d32e8

Time (s): cpu = 00:00:18 ; elapsed = 00:00:16 . Memory (MB): peak = 1773.781 ; gain = 41.191

Router Utilization Summary
  Global Vertical Routing Utilization    = 0 %
  Global Horizontal Routing Utilization  = 0 %
  Routable Net Status*
  *Does not include unroutable nets such as driverless and loadless.
  Run report_route_status for detailed report.
  Number of Failed Nets               = 17
    (Failed Nets is the sum of unrouted and partially routed nets)
  Number of Unrouted Nets             = 17
  Number of Partially Routed Nets     = 0
  Number of Node Overlaps             = 0


Phase 3 Initial Routing
Phase 3 Initial Routing | Checksum: b09dce73

Time (s): cpu = 00:00:18 ; elapsed = 00:00:16 . Memory (MB): peak = 1773.781 ; gain = 41.191

Phase 4 Rip-up And Reroute

Phase 4.1 Global Iteration 0
 Number of Nodes with overlaps = 0
Phase 4.1 Global Iteration 0 | Checksum: 150cc74f7

Time (s): cpu = 00:00:18 ; elapsed = 00:00:16 . Memory (MB): peak = 1773.781 ; gain = 41.191
Phase 4 Rip-up And Reroute | Checksum: 150cc74f7

Time (s): cpu = 00:00:18 ; elapsed = 00:00:16 . Memory (MB): peak = 1773.781 ; gain = 41.191

Phase 5 Delay and Skew Optimization
Phase 5 Delay and Skew Optimization | Checksum: 150cc74f7

Time (s): cpu = 00:00:18 ; elapsed = 00:00:16 . Memory (MB): peak = 1773.781 ; gain = 41.191

Phase 6 Post Hold Fix

Phase 6.1 Hold Fix Iter
Phase 6.1 Hold Fix Iter | Checksum: 150cc74f7

Time (s): cpu = 00:00:18 ; elapsed = 00:00:16 . Memory (MB): peak = 1773.781 ; gain = 41.191
Phase 6 Post Hold Fix | Checksum: 150cc74f7

Time (s): cpu = 00:00:18 ; elapsed = 00:00:16 . Memory (MB): peak = 1773.781 ; gain = 41.191

Phase 7 Route finalize

Router Utilization Summary
  Global Vertical Routing Utilization    = 0.0102759 %
  Global Horizontal Routing Utilization  = 0.0105699 %
  Routable Net Status*
  *Does not include unroutable nets such as driverless and loadless.
  Run report_route_status for detailed report.
  Number of Failed Nets               = 0
    (Failed Nets is the sum of unrouted and partially routed nets)
  Number of Unrouted Nets             = 0
  Number of Partially Routed Nets     = 0
  Number of Node Overlaps             = 0

Congestion Report
North Dir 1x1 Area, Max Cong = 19.8198%, No Congested Regions.
South Dir 1x1 Area, Max Cong = 3.6036%, No Congested Regions.
East Dir 1x1 Area, Max Cong = 13.2353%, No Congested Regions.
West Dir 1x1 Area, Max Cong = 2.94118%, No Congested Regions.

------------------------------
Reporting congestion hotspots
------------------------------
Direction: North
----------------
Congested clusters found at Level 0
Effective congestion level: 0 Aspect Ratio: 1 Sparse Ratio: 0
Direction: South
----------------
Congested clusters found at Level 0
Effective congestion level: 0 Aspect Ratio: 1 Sparse Ratio: 0
Direction: East
----------------
Congested clusters found at Level 0
Effective congestion level: 0 Aspect Ratio: 1 Sparse Ratio: 0
Direction: West
----------------
Congested clusters found at Level 0
Effective congestion level: 0 Aspect Ratio: 1 Sparse Ratio: 0

Phase 7 Route finalize | Checksum: 150cc74f7

Time (s): cpu = 00:00:18 ; elapsed = 00:00:16 . Memory (MB): peak = 1773.781 ; gain = 41.191

Phase 8 Verifying routed nets

 Verification completed successfully
Phase 8 Verifying routed nets | Checksum: 150cc74f7

Time (s): cpu = 00:00:18 ; elapsed = 00:00:16 . Memory (MB): peak = 1775.516 ; gain = 42.926

Phase 9 Depositing Routes
Phase 9 Depositing Routes | Checksum: 108241580

Time (s): cpu = 00:00:18 ; elapsed = 00:00:16 . Memory (MB): peak = 1775.516 ; gain = 42.926
INFO: [Route 35-16] Router Completed Successfully

Time (s): cpu = 00:00:18 ; elapsed = 00:00:16 . Memory (MB): peak = 1775.516 ; gain = 42.926

Routing Is Done.
INFO: [Common 17-83] Releasing license: Implementation
54 Infos, 4 Warnings, 0 Critical Warnings and 0 Errors encountered.
route_design completed successfully
route_design: Time (s): cpu = 00:00:20 ; elapsed = 00:00:18 . Memory (MB): peak = 1775.516 ; gain = 56.969
WARNING: [Constraints 18-5210] No constraints selected for write.
Resolution: This message can indicate that there are no constraints for the design, or it can indicate that the used_in flags are set such that the constraints are ignored. This later case is used when running synth_design to not write synthesis constraints to the resulting checkpoint. Instead, project constraints are read when the synthesized design is opened.
Writing placer database...
Writing XDEF routing.
Writing XDEF routing logical nets.
Writing XDEF routing special nets.
Write XDEF Complete: Time (s): cpu = 00:00:00 ; elapsed = 00:00:00.071 . Memory (MB): peak = 1785.410 ; gain = 9.895
INFO: [Common 17-1381] The checkpoint 'D:/Sep_martin_pena/bloques_creados/StateMachine/tmp_edit_project.runs/impl_1/SM_routed.dcp' has been generated.
INFO: [runtcl-4] Executing : report_drc -file SM_drc_routed.rpt -pb SM_drc_routed.pb -rpx SM_drc_routed.rpx
Command: report_drc -file SM_drc_routed.rpt -pb SM_drc_routed.pb -rpx SM_drc_routed.rpx
INFO: [IP_Flow 19-1839] IP Catalog is up to date.
INFO: [DRC 23-27] Running DRC with 2 threads
INFO: [Coretcl 2-168] The results of DRC are in file D:/Sep_martin_pena/bloques_creados/StateMachine/tmp_edit_project.runs/impl_1/SM_drc_routed.rpt.
report_drc completed successfully
INFO: [runtcl-4] Executing : report_methodology -file SM_methodology_drc_routed.rpt -pb SM_methodology_drc_routed.pb -rpx SM_methodology_drc_routed.rpx
Command: report_methodology -file SM_methodology_drc_routed.rpt -pb SM_methodology_drc_routed.pb -rpx SM_methodology_drc_routed.rpx
INFO: [Timing 38-35] Done setting XDC timing constraints.
INFO: [DRC 23-133] Running Methodology with 2 threads
INFO: [Coretcl 2-1520] The results of Report Methodology are in file D:/Sep_martin_pena/bloques_creados/StateMachine/tmp_edit_project.runs/impl_1/SM_methodology_drc_routed.rpt.
report_methodology completed successfully
INFO: [runtcl-4] Executing : report_power -file SM_power_routed.rpt -pb SM_power_summary_routed.pb -rpx SM_power_routed.rpx
Command: report_power -file SM_power_routed.rpt -pb SM_power_summary_routed.pb -rpx SM_power_routed.rpx
INFO: [Timing 38-35] Done setting XDC timing constraints.
WARNING: [Power 33-232] No user defined clocks were found in the design! Power estimation will be inaccurate until this is corrected.
Resolution: Please specify clocks using create_clock/create_generated_clock for sequential elements. For pure combinatorial circuits, please specify a virtual clock, otherwise the vectorless estimation might be inaccurate
Running Vector-less Activity Propagation...

Finished Running Vector-less Activity Propagation
65 Infos, 6 Warnings, 0 Critical Warnings and 0 Errors encountered.
report_power completed successfully
INFO: [runtcl-4] Executing : report_route_status -file SM_route_status.rpt -pb SM_route_status.pb
INFO: [runtcl-4] Executing : report_timing_summary -max_paths 10 -file SM_timing_summary_routed.rpt -pb SM_timing_summary_routed.pb -rpx SM_timing_summary_routed.rpx -warn_on_violation 
INFO: [Timing 38-91] UpdateTimingParams: Speed grade: -1, Delay Type: min_max.
INFO: [Timing 38-191] Multithreading enabled for timing update using a maximum of 2 CPUs
WARNING: [Timing 38-313] There are no user specified timing constraints. Timing constraints are needed for proper timing analysis.
INFO: [runtcl-4] Executing : report_incremental_reuse -file SM_incremental_reuse_routed.rpt
INFO: [Vivado_Tcl 4-1062] Incremental flow is disabled. No incremental reuse Info to report.
INFO: [runtcl-4] Executing : report_clock_utilization -file SM_clock_utilization_routed.rpt
INFO: [runtcl-4] Executing : report_bus_skew -warn_on_violation -file SM_bus_skew_routed.rpt -pb SM_bus_skew_routed.pb -rpx SM_bus_skew_routed.rpx
INFO: [Timing 38-91] UpdateTimingParams: Speed grade: -1, Delay Type: min_max.
INFO: [Timing 38-191] Multithreading enabled for timing update using a maximum of 2 CPUs
INFO: [Common 17-206] Exiting Vivado at Thu Aug 20 22:00:36 2026...

*** Halting run - EA reset detected ***

