
*** Running vivado
    with args -log block_design_1_wrapper.vdi -applog -m64 -product Vivado -messageDb vivado.pb -mode batch -source block_design_1_wrapper.tcl -notrace



****** Vivado v2020.1 (64-bit)
  **** SW Build 2902540 on Wed May 27 19:54:49 MDT 2020
  **** IP Build 2902112 on Wed May 27 22:43:36 MDT 2020
    ** Copyright 1986-2020 Xilinx, Inc. All Rights Reserved.

source block_design_1_wrapper.tcl -notrace
INFO: [IP_Flow 19-234] Refreshing IP repositories
INFO: [IP_Flow 19-1700] Loaded user IP repository 'd:/Sep_martin_pena/bloques_creados'.
WARNING: [IP_Flow 19-3656] If you move the project, the path for repository 'd:/Sep_martin_pena/bloques_creados' may become invalid. A better location for the repository would be in a path adjacent to the project. (Current project location is 'd:/Sep_martin_pena/bloques_creados/alu/tmp_edit_project.runs/impl_1'.)
INFO: [IP_Flow 19-2313] Loaded Vivado IP repository 'D:/Xilinx/Vivado/2020.1/data/ip'.
Command: link_design -top block_design_1_wrapper -part xc7z010clg400-1
Design is defaulting to srcset: sources_1
Design is defaulting to constrset: constrs_1
INFO: [Device 21-403] Loading part xc7z010clg400-1
INFO: [Project 1-454] Reading design checkpoint 'd:/sep_martin_pena/bloques_creados/alu/tmp_edit_project.srcs/sources_1/bd/block_design_1/ip/block_design_1_ALU_0_0/block_design_1_ALU_0_0.dcp' for cell 'block_design_1_i/ALU_0'
INFO: [Project 1-454] Reading design checkpoint 'd:/sep_martin_pena/bloques_creados/alu/tmp_edit_project.srcs/sources_1/bd/block_design_1/ip/block_design_1_RAM_0_0/block_design_1_RAM_0_0.dcp' for cell 'block_design_1_i/RAM_0'
INFO: [Project 1-454] Reading design checkpoint 'd:/sep_martin_pena/bloques_creados/alu/tmp_edit_project.srcs/sources_1/bd/block_design_1/ip/block_design_1_SM_0_0/block_design_1_SM_0_0.dcp' for cell 'block_design_1_i/SM_0'
Netlist sorting complete. Time (s): cpu = 00:00:00 ; elapsed = 00:00:00.001 . Memory (MB): peak = 1081.508 ; gain = 0.000
INFO: [Netlist 29-17] Analyzing 6 Unisim elements for replacement
INFO: [Netlist 29-28] Unisim Transformation completed in 0 CPU seconds
INFO: [Project 1-479] Netlist was created with Vivado 2020.1
INFO: [Project 1-570] Preparing netlist for logic optimization
Parsing XDC File [d:/sep_martin_pena/bloques_creados/alu/tmp_edit_project.srcs/sources_1/bd/block_design_1/ip/block_design_1_ALU_0_0/src/Zybo-Z7-Master.xdc] for cell 'block_design_1_i/ALU_0/U0'
CRITICAL WARNING: [Netlist 29-160] Cannot set property 'PACKAGE_PIN', because the property does not exist for objects of type 'pin'. [d:/sep_martin_pena/bloques_creados/alu/tmp_edit_project.srcs/sources_1/bd/block_design_1/ip/block_design_1_ALU_0_0/src/Zybo-Z7-Master.xdc:8]
Resolution: Modify the set_property command to apply the property on the correct object type. Since the property is being applied as a scoped constraint, ensure the proper connectivity of the object port objects can be translated into pin objects. This could be due to the insertion of IO Buffers between the top level terminal and cell pin. If the goal is to apply constraints that will migrate to top level ports it is required that IO Buffers manually be instanced.
WARNING: [Vivado 12-584] No ports matched 'sw_0[0]'. [d:/sep_martin_pena/bloques_creados/alu/tmp_edit_project.srcs/sources_1/bd/block_design_1/ip/block_design_1_ALU_0_0/src/Zybo-Z7-Master.xdc:13]
CRITICAL WARNING: [Common 17-55] 'set_property' expects at least one object. [d:/sep_martin_pena/bloques_creados/alu/tmp_edit_project.srcs/sources_1/bd/block_design_1/ip/block_design_1_ALU_0_0/src/Zybo-Z7-Master.xdc:13]
Resolution: If [get_<value>] was used to populate the object, check to make sure this command returns at least one valid object.
WARNING: [Vivado 12-584] No ports matched 'sw_0[1]'. [d:/sep_martin_pena/bloques_creados/alu/tmp_edit_project.srcs/sources_1/bd/block_design_1/ip/block_design_1_ALU_0_0/src/Zybo-Z7-Master.xdc:14]
CRITICAL WARNING: [Common 17-55] 'set_property' expects at least one object. [d:/sep_martin_pena/bloques_creados/alu/tmp_edit_project.srcs/sources_1/bd/block_design_1/ip/block_design_1_ALU_0_0/src/Zybo-Z7-Master.xdc:14]
Resolution: If [get_<value>] was used to populate the object, check to make sure this command returns at least one valid object.
WARNING: [Vivado 12-584] No ports matched 'sw_0[2]'. [d:/sep_martin_pena/bloques_creados/alu/tmp_edit_project.srcs/sources_1/bd/block_design_1/ip/block_design_1_ALU_0_0/src/Zybo-Z7-Master.xdc:15]
CRITICAL WARNING: [Common 17-55] 'set_property' expects at least one object. [d:/sep_martin_pena/bloques_creados/alu/tmp_edit_project.srcs/sources_1/bd/block_design_1/ip/block_design_1_ALU_0_0/src/Zybo-Z7-Master.xdc:15]
Resolution: If [get_<value>] was used to populate the object, check to make sure this command returns at least one valid object.
WARNING: [Vivado 12-584] No ports matched 'sw_0[3]'. [d:/sep_martin_pena/bloques_creados/alu/tmp_edit_project.srcs/sources_1/bd/block_design_1/ip/block_design_1_ALU_0_0/src/Zybo-Z7-Master.xdc:16]
CRITICAL WARNING: [Common 17-55] 'set_property' expects at least one object. [d:/sep_martin_pena/bloques_creados/alu/tmp_edit_project.srcs/sources_1/bd/block_design_1/ip/block_design_1_ALU_0_0/src/Zybo-Z7-Master.xdc:16]
Resolution: If [get_<value>] was used to populate the object, check to make sure this command returns at least one valid object.
WARNING: [Vivado 12-584] No ports matched 'nxt_0'. [d:/sep_martin_pena/bloques_creados/alu/tmp_edit_project.srcs/sources_1/bd/block_design_1/ip/block_design_1_ALU_0_0/src/Zybo-Z7-Master.xdc:20]
CRITICAL WARNING: [Common 17-55] 'set_property' expects at least one object. [d:/sep_martin_pena/bloques_creados/alu/tmp_edit_project.srcs/sources_1/bd/block_design_1/ip/block_design_1_ALU_0_0/src/Zybo-Z7-Master.xdc:20]
Resolution: If [get_<value>] was used to populate the object, check to make sure this command returns at least one valid object.
WARNING: [Vivado 12-584] No ports matched 'leds[0]'. [d:/sep_martin_pena/bloques_creados/alu/tmp_edit_project.srcs/sources_1/bd/block_design_1/ip/block_design_1_ALU_0_0/src/Zybo-Z7-Master.xdc:27]
CRITICAL WARNING: [Common 17-55] 'set_property' expects at least one object. [d:/sep_martin_pena/bloques_creados/alu/tmp_edit_project.srcs/sources_1/bd/block_design_1/ip/block_design_1_ALU_0_0/src/Zybo-Z7-Master.xdc:27]
Resolution: If [get_<value>] was used to populate the object, check to make sure this command returns at least one valid object.
WARNING: [Vivado 12-584] No ports matched 'leds[1]'. [d:/sep_martin_pena/bloques_creados/alu/tmp_edit_project.srcs/sources_1/bd/block_design_1/ip/block_design_1_ALU_0_0/src/Zybo-Z7-Master.xdc:28]
CRITICAL WARNING: [Common 17-55] 'set_property' expects at least one object. [d:/sep_martin_pena/bloques_creados/alu/tmp_edit_project.srcs/sources_1/bd/block_design_1/ip/block_design_1_ALU_0_0/src/Zybo-Z7-Master.xdc:28]
Resolution: If [get_<value>] was used to populate the object, check to make sure this command returns at least one valid object.
WARNING: [Vivado 12-584] No ports matched 'leds[2]'. [d:/sep_martin_pena/bloques_creados/alu/tmp_edit_project.srcs/sources_1/bd/block_design_1/ip/block_design_1_ALU_0_0/src/Zybo-Z7-Master.xdc:29]
CRITICAL WARNING: [Common 17-55] 'set_property' expects at least one object. [d:/sep_martin_pena/bloques_creados/alu/tmp_edit_project.srcs/sources_1/bd/block_design_1/ip/block_design_1_ALU_0_0/src/Zybo-Z7-Master.xdc:29]
Resolution: If [get_<value>] was used to populate the object, check to make sure this command returns at least one valid object.
WARNING: [Vivado 12-584] No ports matched 'leds[3]'. [d:/sep_martin_pena/bloques_creados/alu/tmp_edit_project.srcs/sources_1/bd/block_design_1/ip/block_design_1_ALU_0_0/src/Zybo-Z7-Master.xdc:30]
CRITICAL WARNING: [Common 17-55] 'set_property' expects at least one object. [d:/sep_martin_pena/bloques_creados/alu/tmp_edit_project.srcs/sources_1/bd/block_design_1/ip/block_design_1_ALU_0_0/src/Zybo-Z7-Master.xdc:30]
Resolution: If [get_<value>] was used to populate the object, check to make sure this command returns at least one valid object.
Finished Parsing XDC File [d:/sep_martin_pena/bloques_creados/alu/tmp_edit_project.srcs/sources_1/bd/block_design_1/ip/block_design_1_ALU_0_0/src/Zybo-Z7-Master.xdc] for cell 'block_design_1_i/ALU_0/U0'
Parsing XDC File [d:/sep_martin_pena/bloques_creados/alu/tmp_edit_project.srcs/sources_1/bd/block_design_1/ip/block_design_1_RAM_0_0/src/Zybo-Z7-Master.xdc] for cell 'block_design_1_i/RAM_0/U0'
CRITICAL WARNING: [Netlist 29-160] Cannot set property 'PACKAGE_PIN', because the property does not exist for objects of type 'pin'. [d:/sep_martin_pena/bloques_creados/alu/tmp_edit_project.srcs/sources_1/bd/block_design_1/ip/block_design_1_RAM_0_0/src/Zybo-Z7-Master.xdc:8]
Resolution: Modify the set_property command to apply the property on the correct object type. Since the property is being applied as a scoped constraint, ensure the proper connectivity of the object port objects can be translated into pin objects. This could be due to the insertion of IO Buffers between the top level terminal and cell pin. If the goal is to apply constraints that will migrate to top level ports it is required that IO Buffers manually be instanced.
CRITICAL WARNING: [Netlist 29-160] Cannot set property 'PACKAGE_PIN', because the property does not exist for objects of type 'pin'. [d:/sep_martin_pena/bloques_creados/alu/tmp_edit_project.srcs/sources_1/bd/block_design_1/ip/block_design_1_RAM_0_0/src/Zybo-Z7-Master.xdc:13]
Resolution: Modify the set_property command to apply the property on the correct object type. Since the property is being applied as a scoped constraint, ensure the proper connectivity of the object port objects can be translated into pin objects. This could be due to the insertion of IO Buffers between the top level terminal and cell pin. If the goal is to apply constraints that will migrate to top level ports it is required that IO Buffers manually be instanced.
CRITICAL WARNING: [Netlist 29-160] Cannot set property 'PACKAGE_PIN', because the property does not exist for objects of type 'pin'. [d:/sep_martin_pena/bloques_creados/alu/tmp_edit_project.srcs/sources_1/bd/block_design_1/ip/block_design_1_RAM_0_0/src/Zybo-Z7-Master.xdc:14]
Resolution: Modify the set_property command to apply the property on the correct object type. Since the property is being applied as a scoped constraint, ensure the proper connectivity of the object port objects can be translated into pin objects. This could be due to the insertion of IO Buffers between the top level terminal and cell pin. If the goal is to apply constraints that will migrate to top level ports it is required that IO Buffers manually be instanced.
CRITICAL WARNING: [Netlist 29-160] Cannot set property 'PACKAGE_PIN', because the property does not exist for objects of type 'pin'. [d:/sep_martin_pena/bloques_creados/alu/tmp_edit_project.srcs/sources_1/bd/block_design_1/ip/block_design_1_RAM_0_0/src/Zybo-Z7-Master.xdc:15]
Resolution: Modify the set_property command to apply the property on the correct object type. Since the property is being applied as a scoped constraint, ensure the proper connectivity of the object port objects can be translated into pin objects. This could be due to the insertion of IO Buffers between the top level terminal and cell pin. If the goal is to apply constraints that will migrate to top level ports it is required that IO Buffers manually be instanced.
CRITICAL WARNING: [Netlist 29-160] Cannot set property 'PACKAGE_PIN', because the property does not exist for objects of type 'pin'. [d:/sep_martin_pena/bloques_creados/alu/tmp_edit_project.srcs/sources_1/bd/block_design_1/ip/block_design_1_RAM_0_0/src/Zybo-Z7-Master.xdc:16]
Resolution: Modify the set_property command to apply the property on the correct object type. Since the property is being applied as a scoped constraint, ensure the proper connectivity of the object port objects can be translated into pin objects. This could be due to the insertion of IO Buffers between the top level terminal and cell pin. If the goal is to apply constraints that will migrate to top level ports it is required that IO Buffers manually be instanced.
WARNING: [Vivado 12-584] No ports matched 'enable'. [d:/sep_martin_pena/bloques_creados/alu/tmp_edit_project.srcs/sources_1/bd/block_design_1/ip/block_design_1_RAM_0_0/src/Zybo-Z7-Master.xdc:20]
CRITICAL WARNING: [Common 17-55] 'set_property' expects at least one object. [d:/sep_martin_pena/bloques_creados/alu/tmp_edit_project.srcs/sources_1/bd/block_design_1/ip/block_design_1_RAM_0_0/src/Zybo-Z7-Master.xdc:20]
Resolution: If [get_<value>] was used to populate the object, check to make sure this command returns at least one valid object.
WARNING: [Vivado 12-584] No ports matched 'write_in'. [d:/sep_martin_pena/bloques_creados/alu/tmp_edit_project.srcs/sources_1/bd/block_design_1/ip/block_design_1_RAM_0_0/src/Zybo-Z7-Master.xdc:21]
CRITICAL WARNING: [Common 17-55] 'set_property' expects at least one object. [d:/sep_martin_pena/bloques_creados/alu/tmp_edit_project.srcs/sources_1/bd/block_design_1/ip/block_design_1_RAM_0_0/src/Zybo-Z7-Master.xdc:21]
Resolution: If [get_<value>] was used to populate the object, check to make sure this command returns at least one valid object.
CRITICAL WARNING: [Netlist 29-160] Cannot set property 'PACKAGE_PIN', because the property does not exist for objects of type 'pin'. [d:/sep_martin_pena/bloques_creados/alu/tmp_edit_project.srcs/sources_1/bd/block_design_1/ip/block_design_1_RAM_0_0/src/Zybo-Z7-Master.xdc:27]
Resolution: Modify the set_property command to apply the property on the correct object type. Since the property is being applied as a scoped constraint, ensure the proper connectivity of the object port objects can be translated into pin objects. This could be due to the insertion of IO Buffers between the top level terminal and cell pin. If the goal is to apply constraints that will migrate to top level ports it is required that IO Buffers manually be instanced.
CRITICAL WARNING: [Netlist 29-160] Cannot set property 'PACKAGE_PIN', because the property does not exist for objects of type 'pin'. [d:/sep_martin_pena/bloques_creados/alu/tmp_edit_project.srcs/sources_1/bd/block_design_1/ip/block_design_1_RAM_0_0/src/Zybo-Z7-Master.xdc:28]
Resolution: Modify the set_property command to apply the property on the correct object type. Since the property is being applied as a scoped constraint, ensure the proper connectivity of the object port objects can be translated into pin objects. This could be due to the insertion of IO Buffers between the top level terminal and cell pin. If the goal is to apply constraints that will migrate to top level ports it is required that IO Buffers manually be instanced.
CRITICAL WARNING: [Netlist 29-160] Cannot set property 'PACKAGE_PIN', because the property does not exist for objects of type 'pin'. [d:/sep_martin_pena/bloques_creados/alu/tmp_edit_project.srcs/sources_1/bd/block_design_1/ip/block_design_1_RAM_0_0/src/Zybo-Z7-Master.xdc:29]
Resolution: Modify the set_property command to apply the property on the correct object type. Since the property is being applied as a scoped constraint, ensure the proper connectivity of the object port objects can be translated into pin objects. This could be due to the insertion of IO Buffers between the top level terminal and cell pin. If the goal is to apply constraints that will migrate to top level ports it is required that IO Buffers manually be instanced.
CRITICAL WARNING: [Netlist 29-160] Cannot set property 'PACKAGE_PIN', because the property does not exist for objects of type 'pin'. [d:/sep_martin_pena/bloques_creados/alu/tmp_edit_project.srcs/sources_1/bd/block_design_1/ip/block_design_1_RAM_0_0/src/Zybo-Z7-Master.xdc:30]
Resolution: Modify the set_property command to apply the property on the correct object type. Since the property is being applied as a scoped constraint, ensure the proper connectivity of the object port objects can be translated into pin objects. This could be due to the insertion of IO Buffers between the top level terminal and cell pin. If the goal is to apply constraints that will migrate to top level ports it is required that IO Buffers manually be instanced.
Finished Parsing XDC File [d:/sep_martin_pena/bloques_creados/alu/tmp_edit_project.srcs/sources_1/bd/block_design_1/ip/block_design_1_RAM_0_0/src/Zybo-Z7-Master.xdc] for cell 'block_design_1_i/RAM_0/U0'
Parsing XDC File [d:/Sep_martin_pena/bloques_creados/alu/src/Zybo-Z7-Master.xdc]
WARNING: [Vivado 12-584] No ports matched 'clk'. [d:/Sep_martin_pena/bloques_creados/alu/src/Zybo-Z7-Master.xdc:8]
CRITICAL WARNING: [Common 17-55] 'set_property' expects at least one object. [d:/Sep_martin_pena/bloques_creados/alu/src/Zybo-Z7-Master.xdc:8]
Resolution: If [get_<value>] was used to populate the object, check to make sure this command returns at least one valid object.
WARNING: [Vivado 12-584] No ports matched 'clk'. [d:/Sep_martin_pena/bloques_creados/alu/src/Zybo-Z7-Master.xdc:9]
CRITICAL WARNING: [Vivado 12-4739] create_clock:No valid object(s) found for '-objects [get_ports clk]'. [d:/Sep_martin_pena/bloques_creados/alu/src/Zybo-Z7-Master.xdc:9]
Resolution: Check if the specified object(s) exists in the current design. If it does, ensure that the correct design hierarchy was specified for the object. If you are working with clocks, make sure create_clock was used to create the clock object before it is referenced.
WARNING: [Vivado 12-584] No ports matched 'leds[0]'. [d:/Sep_martin_pena/bloques_creados/alu/src/Zybo-Z7-Master.xdc:27]
CRITICAL WARNING: [Common 17-55] 'set_property' expects at least one object. [d:/Sep_martin_pena/bloques_creados/alu/src/Zybo-Z7-Master.xdc:27]
Resolution: If [get_<value>] was used to populate the object, check to make sure this command returns at least one valid object.
WARNING: [Vivado 12-584] No ports matched 'leds[1]'. [d:/Sep_martin_pena/bloques_creados/alu/src/Zybo-Z7-Master.xdc:28]
CRITICAL WARNING: [Common 17-55] 'set_property' expects at least one object. [d:/Sep_martin_pena/bloques_creados/alu/src/Zybo-Z7-Master.xdc:28]
Resolution: If [get_<value>] was used to populate the object, check to make sure this command returns at least one valid object.
WARNING: [Vivado 12-584] No ports matched 'leds[2]'. [d:/Sep_martin_pena/bloques_creados/alu/src/Zybo-Z7-Master.xdc:29]
CRITICAL WARNING: [Common 17-55] 'set_property' expects at least one object. [d:/Sep_martin_pena/bloques_creados/alu/src/Zybo-Z7-Master.xdc:29]
Resolution: If [get_<value>] was used to populate the object, check to make sure this command returns at least one valid object.
WARNING: [Vivado 12-584] No ports matched 'leds[3]'. [d:/Sep_martin_pena/bloques_creados/alu/src/Zybo-Z7-Master.xdc:30]
CRITICAL WARNING: [Common 17-55] 'set_property' expects at least one object. [d:/Sep_martin_pena/bloques_creados/alu/src/Zybo-Z7-Master.xdc:30]
Resolution: If [get_<value>] was used to populate the object, check to make sure this command returns at least one valid object.
Finished Parsing XDC File [d:/Sep_martin_pena/bloques_creados/alu/src/Zybo-Z7-Master.xdc]
INFO: [Opt 31-138] Pushed 0 inverter(s) to 0 load pin(s).
Netlist sorting complete. Time (s): cpu = 00:00:00 ; elapsed = 00:00:00.001 . Memory (MB): peak = 1081.508 ; gain = 0.000
INFO: [Project 1-111] Unisim Transformation Summary:
No Unisim elements were transformed.

13 Infos, 18 Warnings, 27 Critical Warnings and 0 Errors encountered.
link_design completed successfully
link_design: Time (s): cpu = 00:00:09 ; elapsed = 00:00:11 . Memory (MB): peak = 1081.508 ; gain = 0.000
Command: opt_design
Attempting to get a license for feature 'Implementation' and/or device 'xc7z010'
INFO: [Common 17-349] Got license for feature 'Implementation' and/or device 'xc7z010'
Running DRC as a precondition to command opt_design

Starting DRC Task
INFO: [DRC 23-27] Running DRC with 2 threads
INFO: [Project 1-461] DRC finished with 0 Errors
INFO: [Project 1-462] Please refer to the DRC report (report_drc) for more information.

Time (s): cpu = 00:00:01 ; elapsed = 00:00:01 . Memory (MB): peak = 1081.508 ; gain = 0.000

Starting Cache Timing Information Task
INFO: [Timing 38-35] Done setting XDC timing constraints.
Ending Cache Timing Information Task | Checksum: 27e1b70c7

Time (s): cpu = 00:00:12 ; elapsed = 00:00:12 . Memory (MB): peak = 1526.172 ; gain = 444.664

Starting Logic Optimization Task

Phase 1 Retarget
INFO: [Opt 31-138] Pushed 0 inverter(s) to 0 load pin(s).
INFO: [Opt 31-49] Retargeted 0 cell(s).
Phase 1 Retarget | Checksum: 15adfae29

Time (s): cpu = 00:00:00 ; elapsed = 00:00:00.041 . Memory (MB): peak = 1730.883 ; gain = 0.000
INFO: [Opt 31-389] Phase Retarget created 1 cells and removed 1 cells
INFO: [Opt 31-1021] In phase Retarget, 1 netlist objects are constrained preventing optimization. Please run opt_design with -debug_log to get more detail. 

Phase 2 Constant propagation
INFO: [Opt 31-138] Pushed 0 inverter(s) to 0 load pin(s).
Phase 2 Constant propagation | Checksum: 15adfae29

Time (s): cpu = 00:00:00 ; elapsed = 00:00:00.046 . Memory (MB): peak = 1730.883 ; gain = 0.000
INFO: [Opt 31-389] Phase Constant propagation created 0 cells and removed 0 cells

Phase 3 Sweep
Phase 3 Sweep | Checksum: 1caf16e92

Time (s): cpu = 00:00:00 ; elapsed = 00:00:00.063 . Memory (MB): peak = 1730.883 ; gain = 0.000
INFO: [Opt 31-389] Phase Sweep created 0 cells and removed 2 cells
INFO: [Opt 31-1021] In phase Sweep, 1 netlist objects are constrained preventing optimization. Please run opt_design with -debug_log to get more detail. 

Phase 4 BUFG optimization
Phase 4 BUFG optimization | Checksum: 1caf16e92

Time (s): cpu = 00:00:00 ; elapsed = 00:00:00.074 . Memory (MB): peak = 1730.883 ; gain = 0.000
INFO: [Opt 31-662] Phase BUFG optimization created 0 cells of which 0 are BUFGs and removed 0 cells.

Phase 5 Shift Register Optimization
INFO: [Opt 31-1064] SRL Remap converted 0 SRLs to 0 registers and converted 0 registers of register chains to 0 SRLs
Phase 5 Shift Register Optimization | Checksum: 1caf16e92

Time (s): cpu = 00:00:00 ; elapsed = 00:00:00.080 . Memory (MB): peak = 1730.883 ; gain = 0.000
INFO: [Opt 31-389] Phase Shift Register Optimization created 0 cells and removed 0 cells

Phase 6 Post Processing Netlist
Phase 6 Post Processing Netlist | Checksum: 1caf16e92

Time (s): cpu = 00:00:00 ; elapsed = 00:00:00.085 . Memory (MB): peak = 1730.883 ; gain = 0.000
INFO: [Opt 31-389] Phase Post Processing Netlist created 0 cells and removed 0 cells
Opt_design Change Summary
=========================


-------------------------------------------------------------------------------------------------------------------------
|  Phase                        |  #Cells created  |  #Cells Removed  |  #Constrained objects preventing optimizations  |
-------------------------------------------------------------------------------------------------------------------------
|  Retarget                     |               1  |               1  |                                              1  |
|  Constant propagation         |               0  |               0  |                                              0  |
|  Sweep                        |               0  |               2  |                                              1  |
|  BUFG optimization            |               0  |               0  |                                              0  |
|  Shift Register Optimization  |               0  |               0  |                                              0  |
|  Post Processing Netlist      |               0  |               0  |                                              0  |
-------------------------------------------------------------------------------------------------------------------------



Starting Connectivity Check Task

Time (s): cpu = 00:00:00 ; elapsed = 00:00:00.001 . Memory (MB): peak = 1730.883 ; gain = 0.000
Ending Logic Optimization Task | Checksum: 24eac93d0

Time (s): cpu = 00:00:00 ; elapsed = 00:00:00.091 . Memory (MB): peak = 1730.883 ; gain = 0.000

Starting Power Optimization Task
INFO: [Pwropt 34-132] Skipping clock gating for clocks with a period < 2.00 ns.
Ending Power Optimization Task | Checksum: 24eac93d0

Time (s): cpu = 00:00:00 ; elapsed = 00:00:00.021 . Memory (MB): peak = 1730.883 ; gain = 0.000

Starting Final Cleanup Task
Ending Final Cleanup Task | Checksum: 24eac93d0

Time (s): cpu = 00:00:00 ; elapsed = 00:00:00 . Memory (MB): peak = 1730.883 ; gain = 0.000

Starting Netlist Obfuscation Task
Netlist sorting complete. Time (s): cpu = 00:00:00 ; elapsed = 00:00:00 . Memory (MB): peak = 1730.883 ; gain = 0.000
Ending Netlist Obfuscation Task | Checksum: 24eac93d0

Time (s): cpu = 00:00:00 ; elapsed = 00:00:00.001 . Memory (MB): peak = 1730.883 ; gain = 0.000
INFO: [Common 17-83] Releasing license: Implementation
32 Infos, 18 Warnings, 27 Critical Warnings and 0 Errors encountered.
opt_design completed successfully
opt_design: Time (s): cpu = 00:00:16 ; elapsed = 00:00:16 . Memory (MB): peak = 1730.883 ; gain = 649.375
INFO: [Timing 38-480] Writing timing data to binary archive.
Writing placer database...
Writing XDEF routing.
Writing XDEF routing logical nets.
Writing XDEF routing special nets.
Write XDEF Complete: Time (s): cpu = 00:00:00 ; elapsed = 00:00:00.069 . Memory (MB): peak = 1730.883 ; gain = 0.000
INFO: [Common 17-1381] The checkpoint 'd:/Sep_martin_pena/bloques_creados/alu/tmp_edit_project.runs/impl_1/block_design_1_wrapper_opt.dcp' has been generated.
INFO: [runtcl-4] Executing : report_drc -file block_design_1_wrapper_drc_opted.rpt -pb block_design_1_wrapper_drc_opted.pb -rpx block_design_1_wrapper_drc_opted.rpx
Command: report_drc -file block_design_1_wrapper_drc_opted.rpt -pb block_design_1_wrapper_drc_opted.pb -rpx block_design_1_wrapper_drc_opted.rpx
INFO: [IP_Flow 19-1839] IP Catalog is up to date.
INFO: [DRC 23-27] Running DRC with 2 threads
INFO: [Coretcl 2-168] The results of DRC are in file d:/Sep_martin_pena/bloques_creados/alu/tmp_edit_project.runs/impl_1/block_design_1_wrapper_drc_opted.rpt.
report_drc completed successfully
Command: place_design
Attempting to get a license for feature 'Implementation' and/or device 'xc7z010'
INFO: [Common 17-349] Got license for feature 'Implementation' and/or device 'xc7z010'
INFO: [DRC 23-27] Running DRC with 2 threads
INFO: [Vivado_Tcl 4-198] DRC finished with 0 Errors
INFO: [Vivado_Tcl 4-199] Please refer to the DRC report (report_drc) for more information.
Running DRC as a precondition to command place_design
INFO: [DRC 23-27] Running DRC with 2 threads
INFO: [Vivado_Tcl 4-198] DRC finished with 0 Errors
INFO: [Vivado_Tcl 4-199] Please refer to the DRC report (report_drc) for more information.

Starting Placer Task
INFO: [Place 30-611] Multithreading enabled for place_design using a maximum of 2 CPUs

Phase 1 Placer Initialization

Phase 1.1 Placer Initialization Netlist Sorting
Netlist sorting complete. Time (s): cpu = 00:00:00 ; elapsed = 00:00:00 . Memory (MB): peak = 1730.883 ; gain = 0.000
Phase 1.1 Placer Initialization Netlist Sorting | Checksum: 16151df37

Time (s): cpu = 00:00:00 ; elapsed = 00:00:00.023 . Memory (MB): peak = 1730.883 ; gain = 0.000
Netlist sorting complete. Time (s): cpu = 00:00:00 ; elapsed = 00:00:00 . Memory (MB): peak = 1730.883 ; gain = 0.000

Phase 1.2 IO Placement/ Clock Placement/ Build Placer Device
ERROR: [Place 30-58] IO placement is infeasible. Number of unplaced terminals (1) is greater than number of available sites (0).
The following are banks with available pins: 
 IO Group: 0 with : SioStd: LVCMOS18   VCCO = 1.8 Termination: 0  TermDir:  In   RangeId: 1  has only 0 sites available on device, but needs 1 sites.
	Term: clk_0


ERROR: [Place 30-58] IO placement is infeasible. Number of unplaced terminals (4) is greater than number of available sites (0).
The following are banks with available pins: 
 IO Group: 0 with : SioStd: LVCMOS18   VCCO = 1.8 Termination: 0  TermDir:  In   RangeId: 1  has only 0 sites available on device, but needs 1 sites.
	Term: clk_0


 IO Group: 1 with : SioStd: LVCMOS18   VCCO = 1.8 Termination: 0  TermDir:  Out  RangeId: 1 Drv: 12  has only 0 sites available on device, but needs 4 sites.
	Term: y_0[0]
	Term: y_0[1]
	Term: y_0[2]
	Term: y_0[3]


ERROR: [Place 30-58] IO placement is infeasible. Number of unplaced terminals (5) is greater than number of available sites (0).
The following are banks with available pins: 
 IO Group: 0 with : SioStd: LVCMOS18   VCCO = 1.8 Termination: 0  TermDir:  In   RangeId: 1  has only 0 sites available on device, but needs 1 sites.
	Term: clk_0


 IO Group: 1 with : SioStd: LVCMOS18   VCCO = 1.8 Termination: 0  TermDir:  Out  RangeId: 1 Drv: 12  has only 0 sites available on device, but needs 4 sites.
	Term: y_0[0]
	Term: y_0[1]
	Term: y_0[2]
	Term: y_0[3]


ERROR: [Place 30-374] IO placer failed to find a solution
Below is the partial placement that can be analyzed to see if any constraint modifications will make the IO placement problem easier to solve.

+-------------------------------------------------------------------------------------------------------------------------------------------------------------------------+
|                                                                     IO Placement : Bank Stats                                                                           |
+----+-------+-------+------------------------------------------------------------------------+------------------------------------------+--------+--------+--------+-----+
| Id | Pins  | Terms |                               Standards                                |                IDelayCtrls               |  VREF  |  VCCO  |   VR   | DCI |
+----+-------+-------+------------------------------------------------------------------------+------------------------------------------+--------+--------+--------+-----+
|  0 |     0 |     0 |                                                                        |                                          |        |        |        |     |
| 13 |     0 |     0 |                                                                        |                                          |        |        |        |     |
| 34 |    50 |     3 | LVCMOS33(3)                                                            |                                          |        |  +3.30 |    YES |     |
| 35 |    50 |     2 | LVCMOS33(2)                                                            |                                          |        |  +3.30 |    YES |     |
+----+-------+-------+------------------------------------------------------------------------+------------------------------------------+--------+--------+--------+-----+
|    |   100 |     5 |                                                                        |                                          |        |        |        |     |
+----+-------+-------+------------------------------------------------------------------------+------------------------------------------+--------+--------+--------+-----+

IO Placement:
+--------+----------------------+-----------------+----------------------+----------------------+----------------------+
| BankId |             Terminal | Standard        | Site                 | Pin                  | Attributes           |
+--------+----------------------+-----------------+----------------------+----------------------+----------------------+
| 34     | sw_0[1]              | LVCMOS33        | IOB_X0Y2             | P15                  |                      |
|        | sw_0[2]              | LVCMOS33        | IOB_X0Y41            | W13                  |                      |
|        | sw_0[3]              | LVCMOS33        | IOB_X0Y32            | T16                  |                      |
+--------+----------------------+-----------------+----------------------+----------------------+----------------------+
| 35     | nxt_0                | LVCMOS33        | IOB_X0Y75            | K18                  |                      |
|        | sw_0[0]              | LVCMOS33        | IOB_X0Y61            | G15                  | *                    |
+--------+----------------------+-----------------+----------------------+----------------------+----------------------+

INFO: [Timing 38-35] Done setting XDC timing constraints.
Phase 1.2 IO Placement/ Clock Placement/ Build Placer Device | Checksum: d45173c7

Time (s): cpu = 00:00:01 ; elapsed = 00:00:00.382 . Memory (MB): peak = 1730.883 ; gain = 0.000
Phase 1 Placer Initialization | Checksum: d45173c7

Time (s): cpu = 00:00:01 ; elapsed = 00:00:00.383 . Memory (MB): peak = 1730.883 ; gain = 0.000
ERROR: [Place 30-99] Placer failed with error: 'IO Clock Placer failed'
Please review all ERROR, CRITICAL WARNING, and WARNING messages during placement to understand the cause for failure.
Ending Placer Task | Checksum: d45173c7

Time (s): cpu = 00:00:01 ; elapsed = 00:00:00.385 . Memory (MB): peak = 1730.883 ; gain = 0.000
INFO: [Common 17-83] Releasing license: Implementation
48 Infos, 18 Warnings, 27 Critical Warnings and 6 Errors encountered.
place_design failed
ERROR: [Common 17-69] Command failed: Placer could not place all instances
INFO: [Common 17-206] Exiting Vivado at Wed Aug 19 23:02:38 2026...
