Copyright 1986-2020 Xilinx, Inc. All Rights Reserved.
---------------------------------------------------------------------------------------------
| Tool Version : Vivado v.2020.1 (win64) Build 2902540 Wed May 27 19:54:49 MDT 2020
| Date         : Wed Aug 30 01:33:38 2023
| Host         : LAPTOP-G0T5FON4 running 64-bit major release  (build 9200)
| Command      : report_control_sets -verbose -file design_1_wrapper_control_sets_placed.rpt
| Design       : design_1_wrapper
| Device       : xc7z010
---------------------------------------------------------------------------------------------

Control Set Information

Table of Contents
-----------------
1. Summary
2. Histogram
3. Flip-Flop Distribution
4. Detailed Control Set Information

1. Summary
----------

+----------------------------------------------------------+-------+
|                          Status                          | Count |
+----------------------------------------------------------+-------+
| Total control sets                                       |     9 |
|    Minimum number of control sets                        |     9 |
|    Addition due to synthesis replication                 |     0 |
|    Addition due to physical synthesis replication        |     0 |
| Unused register locations in slices containing registers |    34 |
+----------------------------------------------------------+-------+
* Control sets can be merged at opt_design using control_set_merge or merge_equivalent_drivers
** Run report_qor_suggestions for automated merging and remapping suggestions


2. Histogram
------------

+--------------------+-------+
|       Fanout       | Count |
+--------------------+-------+
| Total control sets |     9 |
| >= 0 to < 4        |     1 |
| >= 4 to < 6        |     3 |
| >= 6 to < 8        |     1 |
| >= 8 to < 10       |     0 |
| >= 10 to < 12      |     0 |
| >= 12 to < 14      |     0 |
| >= 14 to < 16      |     0 |
| >= 16              |     4 |
+--------------------+-------+
* Control sets can be remapped at either synth_design or opt_design


3. Flip-Flop Distribution
-------------------------

+--------------+-----------------------+------------------------+-----------------+--------------+
| Clock Enable | Synchronous Set/Reset | Asynchronous Set/Reset | Total Registers | Total Slices |
+--------------+-----------------------+------------------------+-----------------+--------------+
| No           | No                    | No                     |              10 |            5 |
| No           | No                    | Yes                    |               0 |            0 |
| No           | Yes                   | No                     |              55 |           14 |
| Yes          | No                    | No                     |              61 |           18 |
| Yes          | No                    | Yes                    |               0 |            0 |
| Yes          | Yes                   | No                     |               0 |            0 |
+--------------+-----------------------+------------------------+-----------------+--------------+


4. Detailed Control Set Information
-----------------------------------

+-----------------------------------------------------------------------+----------------------------------------+-------------------------------------------------------------------+------------------+----------------+--------------+
|                              Clock Signal                             |              Enable Signal             |                          Set/Reset Signal                         | Slice Load Count | Bel Load Count | Bels / Slice |
+-----------------------------------------------------------------------+----------------------------------------+-------------------------------------------------------------------+------------------+----------------+--------------+
|  design_1_i/Debouncing_Button_VH_0/U0/Debouncing_FF1/debounced_button |                                        |                                                                   |                1 |              3 |         3.00 |
|  clk_IBUF_BUFG                                                        | design_1_i/ALU_0/U0/result[3]_i_1_n_0  |                                                                   |                3 |              4 |         1.33 |
|  design_1_i/Debouncing_Button_VH_0/U0/Debouncing_FF1/debounced_button | design_1_i/SM_0/U0/addr[3]_i_1_n_0     |                                                                   |                1 |              4 |         4.00 |
|  design_1_i/Debouncing_Button_VH_0/U0/Debouncing_FF1/debounced_button | design_1_i/SM_0/U0/b[3]_i_1_n_0        |                                                                   |                1 |              4 |         4.00 |
|  clk_IBUF_BUFG                                                        |                                        |                                                                   |                4 |              7 |         1.75 |
|  clk_IBUF_BUFG                                                        | design_1_i/SM_0/U0/enable              |                                                                   |                5 |             17 |         3.40 |
|  clk_IBUF_BUFG                                                        |                                        | design_1_i/control_unit_0/U0/clk_counter1_carry__1_n_4            |                7 |             27 |         3.86 |
|  clk_IBUF_BUFG                                                        |                                        | design_1_i/Debouncing_Button_VH_0/U0/clock_enable_generator/clear |                7 |             28 |         4.00 |
|  clk_IBUF_BUFG                                                        | design_1_i/control_unit_0/U0/cont0_n_0 |                                                                   |                8 |             32 |         4.00 |
+-----------------------------------------------------------------------+----------------------------------------+-------------------------------------------------------------------+------------------+----------------+--------------+


