#-----------------------------------------------------------
# Webtalk v2020.1 (64-bit)
# SW Build 2902540 on Wed May 27 19:54:49 MDT 2020
# IP Build 2902112 on Wed May 27 22:43:36 MDT 2020
# Start of session at: Sat Aug 26 15:27:58 2023
# Process ID: 16308
# Current directory: C:/Users/csier/OneDrive/Escritorio/Ay_2023_2/Ay3/instr_mem/instr_mem.sim/sim_1/behav/xsim
# Command line: wbtcv.exe -mode batch -source C:/Users/csier/OneDrive/Escritorio/Ay_2023_2/Ay3/instr_mem/instr_mem.sim/sim_1/behav/xsim/xsim.dir/instr_mem_tb_behav/webtalk/xsim_webtalk.tcl -notrace
# Log file: C:/Users/csier/OneDrive/Escritorio/Ay_2023_2/Ay3/instr_mem/instr_mem.sim/sim_1/behav/xsim/webtalk.log
# Journal file: C:/Users/csier/OneDrive/Escritorio/Ay_2023_2/Ay3/instr_mem/instr_mem.sim/sim_1/behav/xsim\webtalk.jou
#-----------------------------------------------------------
source C:/Users/csier/OneDrive/Escritorio/Ay_2023_2/Ay3/instr_mem/instr_mem.sim/sim_1/behav/xsim/xsim.dir/instr_mem_tb_behav/webtalk/xsim_webtalk.tcl -notrace
