#-----------------------------------------------------------
# Vivado v2020.1 (64-bit)
# SW Build 2902540 on Wed May 27 19:54:49 MDT 2020
# IP Build 2902112 on Wed May 27 22:43:36 MDT 2020
# Start of session at: Sun Aug 27 21:21:11 2023
# Process ID: 25596
# Current directory: C:/Users/crist/Desktop/SEP/AYUDANTIA/ALU
# Command line: vivado.exe -gui_launcher_event rodinguilauncherevent24320 C:\Users\crist\Desktop\SEP\AYUDANTIA\ALU\ALU.xpr
# Log file: C:/Users/crist/Desktop/SEP/AYUDANTIA/ALU/vivado.log
# Journal file: C:/Users/crist/Desktop/SEP/AYUDANTIA/ALU\vivado.jou
#-----------------------------------------------------------
start_gui
open_project C:/Users/crist/Desktop/SEP/AYUDANTIA/ALU/ALU.xpr
Scanning sources...
Finished scanning sources
INFO: [IP_Flow 19-234] Refreshing IP repositories
INFO: [IP_Flow 19-1700] Loaded user IP repository 'c:/Users/crist/Desktop/SEP/AYUDANTIA/ALU/ALU.srcs'.
INFO: [IP_Flow 19-2313] Loaded Vivado IP repository 'C:/Xilinx/Vivado/2020.1/data/ip'.
open_project: Time (s): cpu = 00:00:10 ; elapsed = 00:00:07 . Memory (MB): peak = 1061.988 ; gain = 0.000
update_compile_order -fileset sources_1
ipx::package_project -root_dir c:/users/crist/desktop/sep/ayudantia/alu/alu.srcs -vendor xilinx.com -library user -taxonomy /UserIP -force
INFO: [IP_Flow 19-5107] Inferred bus interface 'clk' of definition 'xilinx.com:signal:clock:1.0' (from Xilinx Repository).
WARNING: [IP_Flow 19-5661] Bus Interface 'clk' does not have any bus interfaces associated with it.
INFO: [IP_Flow 19-2181] Payment Required is not set for this core.
INFO: [IP_Flow 19-2187] The Product Guide file is missing.
set_property core_revision 2 [ipx::current_core]
ipx::create_xgui_files [ipx::current_core]
ipx::update_checksums [ipx::current_core]
ipx::save_core [ipx::current_core]
update_ip_catalog -rebuild -repo_path c:/Users/crist/Desktop/SEP/AYUDANTIA/ALU/ALU.srcs
INFO: [IP_Flow 19-725] Reloaded user IP repository 'c:/Users/crist/Desktop/SEP/AYUDANTIA/ALU/ALU.srcs'
exit
INFO: [Common 17-206] Exiting Vivado at Sun Aug 27 22:32:37 2023...
