Copyright 1986-2020 Xilinx, Inc. All Rights Reserved.
------------------------------------------------------------------------------------
| Tool Version : Vivado v.2020.1 (win64) Build 2902540 Wed May 27 19:54:49 MDT 2020
| Date         : Thu Aug 20 21:54:16 2026
| Host         : martin running 64-bit major release  (build 9200)
| Command      : upgrade_ip
| Device       : xc7z010clg400-1
------------------------------------------------------------------------------------

Upgrade Log for IP 'block_design_ayu_2_full_RAM_0_2'

1. Summary
----------

SUCCESS in the conversion of block_design_ayu_2_full_RAM_0_2 (xilinx.com:user:RAM:1.0 (Rev. 1)) to Vivado generation flows.






Copyright 1986-2020 Xilinx, Inc. All Rights Reserved.
------------------------------------------------------------------------------------
| Tool Version : Vivado v.2020.1 (win64) Build 2902540 Wed May 27 19:54:49 MDT 2020
| Date         : Thu Aug 20 17:51:16 2026
| Host         : martin running 64-bit major release  (build 9200)
| Command      : upgrade_ip
| Device       : xc7z010clg400-1
------------------------------------------------------------------------------------

Upgrade Log for IP 'block_design_ayu_2_full_ALU_0_1'

1. Summary
----------

SUCCESS in the conversion of block_design_ayu_2_full_ALU_0_1 (xilinx.com:user:ALU:1.0 (Rev. 1)) to Vivado generation flows.

